Product: MDK-ARM Standard 5.10
Component: ARM Compiler 5.04 update 1 (build 49)
Tool: armlink [5040049]

==============================================================================

Section Cross References

    arm_startup_nrf51.o(STACK) refers (Special) to heapauxi.o(.text) for __use_two_region_memory
    arm_startup_nrf51.o(HEAP) refers (Special) to heapauxi.o(.text) for __use_two_region_memory
    arm_startup_nrf51.o(RESET) refers (Special) to heapauxi.o(.text) for __use_two_region_memory
    arm_startup_nrf51.o(RESET) refers to arm_startup_nrf51.o(STACK) for __initial_sp
    arm_startup_nrf51.o(RESET) refers to arm_startup_nrf51.o(.text) for Reset_Handler
    arm_startup_nrf51.o(RESET) refers to timer.o(.text) for TIMER1_IRQHandler
    arm_startup_nrf51.o(RESET) refers to rtc0.o(.text) for RTC0_IRQHandler
    arm_startup_nrf51.o(RESET) refers to app_timer.o(.text) for RTC1_IRQHandler
    arm_startup_nrf51.o(RESET) refers to softdevice_handler.o(.text) for SWI2_IRQHandler
    arm_startup_nrf51.o(.text) refers (Special) to heapauxi.o(.text) for __use_two_region_memory
    arm_startup_nrf51.o(.text) refers to system_nrf51.o(.text) for SystemInit
    arm_startup_nrf51.o(.text) refers to __main.o(!!!main) for __main
    arm_startup_nrf51.o(.text) refers to arm_startup_nrf51.o(HEAP) for Heap_Mem
    arm_startup_nrf51.o(.text) refers to arm_startup_nrf51.o(STACK) for Stack_Mem
    system_nrf51.o(.text) refers to system_nrf51.o(.data) for SystemCoreClock
    main.o(.text) refers to main.o(.emb_text) for __asm___6_main_c_main__nrf_delay_us
    main.o(.text) refers to ble.o(.text) for leds_init
    main.o(.text) refers to key.o(.text) for KEY_Init
    main.o(.text) refers to timer.o(.text) for timer1_init
    main.o(.text) refers to spi_master.o(.text) for spi_master_init
    main.o(.text) refers to ads1248.o(.text) for InitADS1248
    main.o(.text) refers to led.o(.text) for LED_OFF
    main.o(.text) refers to dac.o(.text) for DAC_init
    main.o(.text) refers to blehandle.o(.text) for clear
    main.o(.text) refers to mainwork.o(.text) for MainWork
    main.o(.text) refers to main.o(.data) for ADS1248_SPI
    adc.o(.text) refers to fflti.o(.text) for __aeabi_ui2f
    adc.o(.text) refers to fmul.o(x$fpl$fmul) for __aeabi_fmul
    adc.o(.text) refers to fdiv.o(.text) for __aeabi_fdiv
    adc.o(.text) refers to ffixui.o(.text) for __aeabi_f2uiz
    key.o(.text) refers to led.o(.text) for LED_ON
    key.o(.text) refers to ads1248.o(.text) for AD_Sleep
    key.o(.text) refers to key.o(.emb_text) for __asm___5_KEY_c_KEY_Init__nrf_delay_us
    key.o(.text) refers to dac.o(.text) for AO_Output
    key.o(.text) refers to ble.o(.text) for app_error_handler
    key.o(.text) refers to key.o(.data) for KeyCnt
    key.o(.text) refers to main.o(.data) for ADS1248_SPI
    timer.o(.text) refers to led.o(.text) for LED_ON
    timer.o(.text) refers to timer.o(.data) for us1ms
    timer.o(.text) refers to mainwork.o(.data) for g_uiWdtCnt
    timer.o(.text) refers to blehandle.o(.data) for light
    ble.o(.text) refers to app_timer.o(.text) for app_timer_init
    ble.o(.text) refers to rt_memclr.o(.text) for __aeabi_memclr4
    ble.o(.text) refers to ble_advdata.o(.text) for ble_advdata_set
    ble.o(.text) refers to blehandle.o(.text) for BLE_data_handler
    ble.o(.text) refers to ble_nus.o(.text) for ble_nus_init
    ble.o(.text) refers to ble_conn_params.o(.text) for ble_conn_params_init
    ble.o(.text) refers to rt_memcpy.o(.text) for __aeabi_memcpy
    ble.o(.text) refers to led.o(.text) for LED_ON
    ble.o(.text) refers to ads1248.o(.text) for AD_Sleep
    ble.o(.text) refers to ble.o(.emb_text) for __asm___5_BLE_c_94ae794d__nrf_delay_us
    ble.o(.text) refers to dac.o(.text) for AO_Output
    ble.o(.text) refers to ble.o(.bss) for APP_TIMER_BUF
    ble.o(.text) refers to ble.o(.constdata) for .constdata
    ble.o(.text) refers to blehandle.o(.bss) for m_nus
    ble.o(.text) refers to ble.o(.data) for m_sec_params
    ble.o(.text) refers to main.o(.data) for ADS1248_SPI
    ble.o(.text) refers to softdevice_handler.o(.text) for softdevice_handler_init
    mainwork.o(.text) refers to led.o(.text) for LED_OFF
    mainwork.o(.text) refers to blehandle.o(.text) for clear
    mainwork.o(.text) refers to dac.o(.text) for AO_Output
    mainwork.o(.text) refers to mainwork.o(.emb_text) for __asm___10_MainWork_c_474190e2__nrf_delay_us
    mainwork.o(.text) refers to ads1248.o(.text) for LightGND
    mainwork.o(.text) refers to ble_nus.o(.text) for ble_nus_send_string
    mainwork.o(.text) refers to key.o(.text) for KEY1_Manger
    mainwork.o(.text) refers to adc.o(.text) for adc_read_usb
    mainwork.o(.text) refers to mainwork.o(.data) for memo
    mainwork.o(.text) refers to main.o(.data) for ADS1248_SPI
    mainwork.o(.text) refers to blehandle.o(.bss) for m_nus
    mainwork.o(.text) refers to timer.o(.data) for timer_1ms_tick
    mainwork.o(.text) refers to ble.o(.text) for app_error_handler
    mainwork.o(.text) refers to blehandle.o(.data) for light
    blehandle.o(.text) refers to dac.o(.text) for AO_Output
    blehandle.o(.text) refers to adc.o(.text) for adc_read_LED
    blehandle.o(.text) refers to aeabi_sdiv.o(.text) for __aeabi_idivmod
    blehandle.o(.text) refers to ble_nus.o(.text) for ble_nus_send_string
    blehandle.o(.text) refers to blehandle.o(.bss) for m_nus
    blehandle.o(.text) refers to mainwork.o(.data) for memo
    blehandle.o(.text) refers to blehandle.o(.data) for light
    blehandle.o(.text) refers to led.o(.text) for LED_OFF
    blehandle.o(.text) refers to ads1248.o(.text) for Light
    blehandle.o(.text) refers to blehandle.o(.constdata) for .constdata
    blehandle.o(.text) refers to main.o(.data) for ADS1248_SPI
    ads1248.o(.text) refers to spi_master.o(.text) for spi_master_tx_rx
    ads1248.o(.text) refers to ads1248.o(.emb_text) for __asm___9_ADS1248_c_c88e4c8d__nrf_delay_us
    dac.o(.text) refers to dac.o(.emb_text) for __asm___5_DAC_c_DAC_init__nrf_delay_us
    ble_nus.o(.text) refers to rt_memclr.o(.text) for __aeabi_memclr4
    ble_nus.o(.text) refers to ble_nus.o(.constdata) for .constdata
    ble_srv_common.o(.text) refers to ble.o(.text) for app_error_handler
    ble_srv_common.o(.text) refers to strlen.o(.text) for strlen
    ble_advdata.o(.text) refers to rt_memcpy.o(.text) for __aeabi_memcpy
    ble_conn_params.o(.text) refers to rt_memcpy.o(.emb_text) for __aeabi_memcpy4
    ble_conn_params.o(.text) refers to rt_memcpy.o(.text) for __aeabi_memcpy
    ble_conn_params.o(.text) refers to app_timer.o(.text) for app_timer_create
    ble_conn_params.o(.text) refers to ble_conn_params.o(.data) for m_preferred_conn_params
    ble_conn_params.o(.text) refers to ble_conn_params.o(.bss) for m_conn_params_config
    softdevice_handler.o(.text) refers to ble.o(.text) for assert_nrf_callback
    softdevice_handler.o(.text) refers to softdevice_handler.o(.data) for m_softdevice_enabled
    app_timer.o(.text) refers to app_timer.o(.emb_text) for __asm___11_app_timer_c_cd27f9c3__nrf_delay_us
    app_timer.o(.text) refers to ble.o(.text) for app_error_handler
    app_timer.o(.text) refers to app_timer.o(.data) for mp_nodes
    rt_memcpy.o(.text) refers to rt_memcpy.o(.emb_text) for __aeabi_memcpy4
    __main.o(!!!main) refers to rtentry.o(.ARM.Collect$$rtentry$$00000000) for __rt_entry
    fdiv.o(.text) refers (Special) to usenofp.o(x$fpl$usenofp) for __I$use$fp
    fdiv.o(.text) refers to fdiv.o(.constdata) for .constdata
    fdiv.o(.constdata) refers (Special) to usenofp.o(x$fpl$usenofp) for __I$use$fp
    ffixui.o(.text) refers (Special) to usenofp.o(x$fpl$usenofp) for __I$use$fp
    fflti.o(.text) refers (Special) to usenofp.o(x$fpl$usenofp) for __I$use$fp
    fmul.o(x$fpl$fmul) refers (Special) to usenofp.o(x$fpl$usenofp) for __I$use$fp
    rtentry.o(.ARM.Collect$$rtentry$$00000000) refers (Special) to rtentry2.o(.ARM.Collect$$rtentry$$0000000A) for __rt_entry_li
    rtentry.o(.ARM.Collect$$rtentry$$00000000) refers (Special) to rtentry2.o(.ARM.Collect$$rtentry$$0000000D) for __rt_entry_main
    rtentry.o(.ARM.Collect$$rtentry$$00000000) refers (Special) to rtentry2.o(.ARM.Collect$$rtentry$$0000000C) for __rt_entry_postli_1
    rtentry.o(.ARM.Collect$$rtentry$$00000000) refers (Special) to rtentry2.o(.ARM.Collect$$rtentry$$00000009) for __rt_entry_postsh_1
    rtentry.o(.ARM.Collect$$rtentry$$00000000) refers (Special) to rtentry2.o(.ARM.Collect$$rtentry$$00000002) for __rt_entry_presh_1
    rtentry.o(.ARM.Collect$$rtentry$$00000000) refers (Special) to rtentry4.o(.ARM.Collect$$rtentry$$00000004) for __rt_entry_sh
    aeabi_idiv0_sigfpe.o(.text) refers to rt_div0.o(.text) for __rt_div0
    rtentry2.o(.ARM.Collect$$rtentry$$00000008) refers to boardinit2.o(.text) for _platform_post_stackheap_init
    rtentry2.o(.ARM.Collect$$rtentry$$0000000A) refers to libinit.o(.ARM.Collect$$libinit$$00000000) for __rt_lib_init
    rtentry2.o(.ARM.Collect$$rtentry$$0000000B) refers to boardinit3.o(.text) for _platform_post_lib_init
    rtentry2.o(.ARM.Collect$$rtentry$$0000000D) refers to main.o(.text) for main
    rtentry2.o(.ARM.Collect$$rtentry$$0000000D) refers to exit.o(.text) for exit
    rtentry2.o(.ARM.exidx) refers to rtentry2.o(.ARM.Collect$$rtentry$$00000001) for .ARM.Collect$$rtentry$$00000001
    rtentry2.o(.ARM.exidx) refers to rtentry2.o(.ARM.Collect$$rtentry$$00000008) for .ARM.Collect$$rtentry$$00000008
    rtentry2.o(.ARM.exidx) refers to rtentry2.o(.ARM.Collect$$rtentry$$0000000A) for .ARM.Collect$$rtentry$$0000000A
    rtentry2.o(.ARM.exidx) refers to rtentry2.o(.ARM.Collect$$rtentry$$0000000B) for .ARM.Collect$$rtentry$$0000000B
    rtentry2.o(.ARM.exidx) refers to rtentry2.o(.ARM.Collect$$rtentry$$0000000D) for .ARM.Collect$$rtentry$$0000000D
    rtentry4.o(.ARM.Collect$$rtentry$$00000004) refers to sys_stackheap_outer.o(.text) for __user_setup_stackheap
    rtentry4.o(.ARM.exidx) refers to rtentry4.o(.ARM.Collect$$rtentry$$00000004) for .ARM.Collect$$rtentry$$00000004
    rt_div0.o(.text) refers to defsig_fpe_outer.o(.text) for __rt_SIGFPE
    sys_stackheap_outer.o(.text) refers to libspace.o(.text) for __user_perproc_libspace
    sys_stackheap_outer.o(.text) refers to arm_startup_nrf51.o(.text) for __user_initial_stackheap
    sys_stackheap_outer.o(__vectab_stack_and_reset_area) refers to tempstk.o(.text) for __temporary_stack_top
    sys_stackheap_outer.o(__vectab_stack_and_reset_area) refers to __main.o(!!!main) for __main
    exit.o(.text) refers to rtexit.o(.ARM.Collect$$rtexit$$00000000) for __rt_exit
    defsig_fpe_outer.o(.text) refers to defsig_fpe_inner.o(.text) for __rt_SIGFPE_inner
    defsig_fpe_outer.o(.text) refers to defsig_exit.o(.text) for __sig_exit
    defsig_fpe_formal.o(.text) refers to rt_raise.o(.text) for __rt_raise
    libinit.o(.ARM.Collect$$libinit$$00000000) refers (Special) to libinit2.o(.ARM.Collect$$libinit$$0000002C) for __rt_lib_init_alloca_1
    libinit.o(.ARM.Collect$$libinit$$00000000) refers (Special) to libinit2.o(.ARM.Collect$$libinit$$0000002A) for __rt_lib_init_argv_1
    libinit.o(.ARM.Collect$$libinit$$00000000) refers (Special) to libinit2.o(.ARM.Collect$$libinit$$00000019) for __rt_lib_init_atexit_1
    libinit.o(.ARM.Collect$$libinit$$00000000) refers (Special) to libinit2.o(.ARM.Collect$$libinit$$0000001F) for __rt_lib_init_clock_1
    libinit.o(.ARM.Collect$$libinit$$00000000) refers (Special) to libinit2.o(.ARM.Collect$$libinit$$00000030) for __rt_lib_init_cpp_1
    libinit.o(.ARM.Collect$$libinit$$00000000) refers (Special) to libinit2.o(.ARM.Collect$$libinit$$0000002E) for __rt_lib_init_exceptions_1
    libinit.o(.ARM.Collect$$libinit$$00000000) refers (Special) to libinit2.o(.ARM.Collect$$libinit$$00000001) for __rt_lib_init_fp_1
    libinit.o(.ARM.Collect$$libinit$$00000000) refers (Special) to libinit2.o(.ARM.Collect$$libinit$$0000001D) for __rt_lib_init_fp_trap_1
    libinit.o(.ARM.Collect$$libinit$$00000000) refers (Special) to libinit2.o(.ARM.Collect$$libinit$$00000021) for __rt_lib_init_getenv_1
    libinit.o(.ARM.Collect$$libinit$$00000000) refers (Special) to libinit2.o(.ARM.Collect$$libinit$$00000008) for __rt_lib_init_heap_1
    libinit.o(.ARM.Collect$$libinit$$00000000) refers (Special) to libinit2.o(.ARM.Collect$$libinit$$0000000F) for __rt_lib_init_lc_collate_1
    libinit.o(.ARM.Collect$$libinit$$00000000) refers (Special) to libinit2.o(.ARM.Collect$$libinit$$00000011) for __rt_lib_init_lc_ctype_1
    libinit.o(.ARM.Collect$$libinit$$00000000) refers (Special) to libinit2.o(.ARM.Collect$$libinit$$00000013) for __rt_lib_init_lc_monetary_1
    libinit.o(.ARM.Collect$$libinit$$00000000) refers (Special) to libinit2.o(.ARM.Collect$$libinit$$00000015) for __rt_lib_init_lc_numeric_1
    libinit.o(.ARM.Collect$$libinit$$00000000) refers (Special) to libinit2.o(.ARM.Collect$$libinit$$00000017) for __rt_lib_init_lc_time_1
    libinit.o(.ARM.Collect$$libinit$$00000000) refers (Special) to libinit2.o(.ARM.Collect$$libinit$$0000000C) for __rt_lib_init_rand_1
    libinit.o(.ARM.Collect$$libinit$$00000000) refers (Special) to libinit2.o(.ARM.Collect$$libinit$$00000031) for __rt_lib_init_return
    libinit.o(.ARM.Collect$$libinit$$00000000) refers (Special) to libinit2.o(.ARM.Collect$$libinit$$0000001B) for __rt_lib_init_signal_1
    libinit.o(.ARM.Collect$$libinit$$00000000) refers (Special) to libinit2.o(.ARM.Collect$$libinit$$00000023) for __rt_lib_init_stdio_1
    libinit.o(.ARM.Collect$$libinit$$00000000) refers (Special) to libinit2.o(.ARM.Collect$$libinit$$0000000A) for __rt_lib_init_user_alloc_1
    libspace.o(.text) refers to libspace.o(.bss) for __libspace_start
    rtexit.o(.ARM.Collect$$rtexit$$00000000) refers (Special) to rtexit2.o(.ARM.Collect$$rtexit$$00000004) for __rt_exit_exit
    rtexit.o(.ARM.Collect$$rtexit$$00000000) refers (Special) to rtexit2.o(.ARM.Collect$$rtexit$$00000003) for __rt_exit_ls
    rtexit.o(.ARM.Collect$$rtexit$$00000000) refers (Special) to rtexit2.o(.ARM.Collect$$rtexit$$00000002) for __rt_exit_prels_1
    rtexit.o(.ARM.exidx) refers (Special) to rtexit2.o(.ARM.Collect$$rtexit$$00000004) for __rt_exit_exit
    rtexit.o(.ARM.exidx) refers (Special) to rtexit2.o(.ARM.Collect$$rtexit$$00000003) for __rt_exit_ls
    rtexit.o(.ARM.exidx) refers (Special) to rtexit2.o(.ARM.Collect$$rtexit$$00000002) for __rt_exit_prels_1
    rtexit.o(.ARM.exidx) refers to rtexit.o(.ARM.Collect$$rtexit$$00000000) for .ARM.Collect$$rtexit$$00000000
    rt_raise.o(.text) refers to __raise.o(.text) for __raise
    rt_raise.o(.text) refers to sys_exit.o(.text) for _sys_exit
    defsig_exit.o(.text) refers to sys_exit.o(.text) for _sys_exit
    defsig_fpe_inner.o(.text) refers to defsig_general.o(.text) for __default_signal_display
    libinit2.o(.ARM.Collect$$libinit$$0000000E) refers to libinit2.o(.ARM.Collect$$libinit$$0000000D) for .ARM.Collect$$libinit$$0000000D
    libinit2.o(.ARM.Collect$$libinit$$00000010) refers to libinit2.o(.ARM.Collect$$libinit$$0000000D) for .ARM.Collect$$libinit$$0000000D
    libinit2.o(.ARM.Collect$$libinit$$00000012) refers to libinit2.o(.ARM.Collect$$libinit$$0000000D) for .ARM.Collect$$libinit$$0000000D
    libinit2.o(.ARM.Collect$$libinit$$00000014) refers to libinit2.o(.ARM.Collect$$libinit$$0000000D) for .ARM.Collect$$libinit$$0000000D
    libinit2.o(.ARM.Collect$$libinit$$00000016) refers to libinit2.o(.ARM.Collect$$libinit$$0000000D) for .ARM.Collect$$libinit$$0000000D
    libinit2.o(.ARM.Collect$$libinit$$00000024) refers to argv_veneer.o(.text) for __ARM_argv_veneer
    libinit2.o(.ARM.Collect$$libinit$$00000025) refers to argv_veneer.o(.text) for __ARM_argv_veneer
    sys_exit.o(.text) refers (Special) to use_no_semi.o(.text) for __I$use$semihosting
    sys_exit.o(.text) refers (Special) to indicate_semi.o(.text) for __semihosting_library_function
    rtexit2.o(.ARM.Collect$$rtexit$$00000003) refers to libshutdown.o(.ARM.Collect$$libshutdown$$00000000) for __rt_lib_shutdown
    rtexit2.o(.ARM.Collect$$rtexit$$00000004) refers to sys_exit.o(.text) for _sys_exit
    rtexit2.o(.ARM.exidx) refers to rtexit2.o(.ARM.Collect$$rtexit$$00000001) for .ARM.Collect$$rtexit$$00000001
    rtexit2.o(.ARM.exidx) refers to rtexit2.o(.ARM.Collect$$rtexit$$00000003) for .ARM.Collect$$rtexit$$00000003
    rtexit2.o(.ARM.exidx) refers to rtexit2.o(.ARM.Collect$$rtexit$$00000004) for .ARM.Collect$$rtexit$$00000004
    __raise.o(.text) refers to defsig.o(CL$$defsig) for __default_signal_handler
    defsig_general.o(.text) refers to sys_wrch.o(.text) for _ttywrch
    sys_wrch.o(.text) refers (Special) to use_no_semi.o(.text) for __I$use$semihosting
    sys_wrch.o(.text) refers (Special) to indicate_semi.o(.text) for __semihosting_library_function
    defsig.o(CL$$defsig) refers to defsig_fpe_inner.o(.text) for __rt_SIGFPE_inner
    defsig.o(CL$$defsig) refers to defsig_rtmem_inner.o(.text) for __rt_SIGRTMEM_inner
    _get_argv_nomalloc.o(.text) refers (Special) to hrguard.o(.text) for __heap_region$guard
    _get_argv_nomalloc.o(.text) refers to defsig_rtmem_outer.o(.text) for __rt_SIGRTMEM
    _get_argv_nomalloc.o(.text) refers to sys_command.o(.text) for _sys_command_string
    libshutdown.o(.ARM.Collect$$libshutdown$$00000000) refers (Special) to libshutdown2.o(.ARM.Collect$$libshutdown$$00000006) for __rt_lib_shutdown_fp_trap_1
    libshutdown.o(.ARM.Collect$$libshutdown$$00000000) refers (Special) to libshutdown2.o(.ARM.Collect$$libshutdown$$0000000E) for __rt_lib_shutdown_heap_1
    libshutdown.o(.ARM.Collect$$libshutdown$$00000000) refers (Special) to libshutdown2.o(.ARM.Collect$$libshutdown$$0000000F) for __rt_lib_shutdown_return
    libshutdown.o(.ARM.Collect$$libshutdown$$00000000) refers (Special) to libshutdown2.o(.ARM.Collect$$libshutdown$$00000009) for __rt_lib_shutdown_signal_1
    libshutdown.o(.ARM.Collect$$libshutdown$$00000000) refers (Special) to libshutdown2.o(.ARM.Collect$$libshutdown$$00000003) for __rt_lib_shutdown_stdio_1
    libshutdown.o(.ARM.Collect$$libshutdown$$00000000) refers (Special) to libshutdown2.o(.ARM.Collect$$libshutdown$$0000000B) for __rt_lib_shutdown_user_alloc_1
    sys_command.o(.text) refers (Special) to use_no_semi.o(.text) for __I$use$semihosting
    sys_command.o(.text) refers (Special) to indicate_semi.o(.text) for __semihosting_library_function
    defsig_abrt_inner.o(.text) refers to defsig_general.o(.text) for __default_signal_display
    defsig_rtred_inner.o(.text) refers to defsig_general.o(.text) for __default_signal_display
    defsig_rtmem_inner.o(.text) refers to defsig_general.o(.text) for __default_signal_display
    defsig_rtmem_outer.o(.text) refers to defsig_rtmem_inner.o(.text) for __rt_SIGRTMEM_inner
    defsig_rtmem_outer.o(.text) refers to defsig_exit.o(.text) for __sig_exit
    defsig_rtmem_formal.o(.text) refers to rt_raise.o(.text) for __rt_raise
    defsig_stak_inner.o(.text) refers to defsig_general.o(.text) for __default_signal_display
    defsig_pvfn_inner.o(.text) refers to defsig_general.o(.text) for __default_signal_display
    defsig_cppl_inner.o(.text) refers to defsig_general.o(.text) for __default_signal_display
    defsig_segv_inner.o(.text) refers to defsig_general.o(.text) for __default_signal_display
    defsig_other.o(.text) refers to defsig_general.o(.text) for __default_signal_display


==============================================================================

Removing Unused input sections from the image.

    Removing system_nrf51.o(.rev16_text), (4 bytes).
    Removing system_nrf51.o(.revsh_text), (4 bytes).
    Removing main.o(.rev16_text), (4 bytes).
    Removing main.o(.revsh_text), (4 bytes).
    Removing led.o(.rev16_text), (4 bytes).
    Removing led.o(.revsh_text), (4 bytes).
    Removing led.o(.emb_text), (30 bytes).
    Removing adc.o(.rev16_text), (4 bytes).
    Removing adc.o(.revsh_text), (4 bytes).
    Removing adc.o(.emb_text), (30 bytes).
    Removing key.o(.rev16_text), (4 bytes).
    Removing key.o(.revsh_text), (4 bytes).
    Removing rtc0.o(.rev16_text), (4 bytes).
    Removing rtc0.o(.revsh_text), (4 bytes).
    Removing rtc0.o(.emb_text), (30 bytes).
    Removing spi_master.o(.rev16_text), (4 bytes).
    Removing spi_master.o(.revsh_text), (4 bytes).
    Removing spi_master.o(.emb_text), (30 bytes).
    Removing timer.o(.rev16_text), (4 bytes).
    Removing timer.o(.revsh_text), (4 bytes).
    Removing timer.o(.emb_text), (30 bytes).
    Removing ble.o(.rev16_text), (4 bytes).
    Removing ble.o(.revsh_text), (4 bytes).
    Removing mainwork.o(.rev16_text), (4 bytes).
    Removing mainwork.o(.revsh_text), (4 bytes).
    Removing mainwork.o(.bss), (110 bytes).
    Removing blehandle.o(.rev16_text), (4 bytes).
    Removing blehandle.o(.revsh_text), (4 bytes).
    Removing blehandle.o(.emb_text), (30 bytes).
    Removing ads1248.o(.rev16_text), (4 bytes).
    Removing ads1248.o(.revsh_text), (4 bytes).
    Removing dac.o(.rev16_text), (4 bytes).
    Removing dac.o(.revsh_text), (4 bytes).
    Removing ble_nus.o(.rev16_text), (4 bytes).
    Removing ble_nus.o(.revsh_text), (4 bytes).
    Removing ble_srv_common.o(.rev16_text), (4 bytes).
    Removing ble_srv_common.o(.revsh_text), (4 bytes).
    Removing ble_srv_common.o(.text), (136 bytes).
    Removing ble_advdata.o(.rev16_text), (4 bytes).
    Removing ble_advdata.o(.revsh_text), (4 bytes).
    Removing ble_conn_params.o(.rev16_text), (4 bytes).
    Removing ble_conn_params.o(.revsh_text), (4 bytes).
    Removing softdevice_handler.o(.rev16_text), (4 bytes).
    Removing softdevice_handler.o(.revsh_text), (4 bytes).
    Removing app_timer.o(.rev16_text), (4 bytes).
    Removing app_timer.o(.revsh_text), (4 bytes).

46 unused section(s) (total 578 bytes) removed from the image.

==============================================================================

Image Symbol Table

    Local Symbols

    Symbol Name                              Value     Ov Type        Size  Object(Section)

    ../clib/angel/boardlib.s                 0x00000000   Number         0  boardinit1.o ABSOLUTE
    ../clib/angel/boardlib.s                 0x00000000   Number         0  boardinit2.o ABSOLUTE
    ../clib/angel/boardlib.s                 0x00000000   Number         0  boardinit3.o ABSOLUTE
    ../clib/angel/boardlib.s                 0x00000000   Number         0  boardshut.o ABSOLUTE
    ../clib/angel/handlers.s                 0x00000000   Number         0  __scatter_zi.o ABSOLUTE
    ../clib/angel/handlers.s                 0x00000000   Number         0  __scatter_copy.o ABSOLUTE
    ../clib/angel/kernel.s                   0x00000000   Number         0  rtentry4.o ABSOLUTE
    ../clib/angel/kernel.s                   0x00000000   Number         0  rtentry2.o ABSOLUTE
    ../clib/angel/kernel.s                   0x00000000   Number         0  rtexit2.o ABSOLUTE
    ../clib/angel/kernel.s                   0x00000000   Number         0  rtentry.o ABSOLUTE
    ../clib/angel/kernel.s                   0x00000000   Number         0  rtexit.o ABSOLUTE
    ../clib/angel/rt.s                       0x00000000   Number         0  rt_div0.o ABSOLUTE
    ../clib/angel/rt.s                       0x00000000   Number         0  aeabi_idiv0_sigfpe.o ABSOLUTE
    ../clib/angel/rt.s                       0x00000000   Number         0  aeabi_idiv0.o ABSOLUTE
    ../clib/angel/rt.s                       0x00000000   Number         0  rt_raise.o ABSOLUTE
    ../clib/angel/scatterp.s                 0x00000000   Number         0  __scatter.o ABSOLUTE
    ../clib/angel/startup.s                  0x00000000   Number         0  __main.o ABSOLUTE
    ../clib/angel/sys.s                      0x00000000   Number         0  sys_stackheap_outer.o ABSOLUTE
    ../clib/angel/sys.s                      0x00000000   Number         0  libspace.o ABSOLUTE
    ../clib/angel/sys.s                      0x00000000   Number         0  use_no_semi.o ABSOLUTE
    ../clib/angel/sys.s                      0x00000000   Number         0  tempstk.o ABSOLUTE
    ../clib/angel/sys.s                      0x00000000   Number         0  indicate_semi.o ABSOLUTE
    ../clib/angel/sysapp.c                   0x00000000   Number         0  sys_command.o ABSOLUTE
    ../clib/angel/sysapp.c                   0x00000000   Number         0  sys_exit.o ABSOLUTE
    ../clib/angel/sysapp.c                   0x00000000   Number         0  sys_wrch.o ABSOLUTE
    ../clib/armsys.c                         0x00000000   Number         0  argv_veneer.o ABSOLUTE
    ../clib/armsys.c                         0x00000000   Number         0  _get_argv_nomalloc.o ABSOLUTE
    ../clib/armsys.c                         0x00000000   Number         0  no_argv.o ABSOLUTE
    ../clib/division.s                       0x00000000   Number         0  aeabi_sdiv_div0.o ABSOLUTE
    ../clib/division.s                       0x00000000   Number         0  aeabi_sdiv.o ABSOLUTE
    ../clib/heapalloc.c                      0x00000000   Number         0  hrguard.o ABSOLUTE
    ../clib/heapaux.c                        0x00000000   Number         0  heapauxi.o ABSOLUTE
    ../clib/libinit.s                        0x00000000   Number         0  libinit2.o ABSOLUTE
    ../clib/libinit.s                        0x00000000   Number         0  libshutdown2.o ABSOLUTE
    ../clib/libinit.s                        0x00000000   Number         0  libshutdown.o ABSOLUTE
    ../clib/libinit.s                        0x00000000   Number         0  libinit.o ABSOLUTE
    ../clib/memcpset.c                       0x00000000   Number         0  rt_memclr.o ABSOLUTE
    ../clib/memcpset.c                       0x00000000   Number         0  rt_memcpy.o ABSOLUTE
    ../clib/memcpset.c                       0x00000000   Number         0  rt_memcpy.o ABSOLUTE
    ../clib/signal.c                         0x00000000   Number         0  __raise.o ABSOLUTE
    ../clib/signal.c                         0x00000000   Number         0  defsig_fpe_outer.o ABSOLUTE
    ../clib/signal.c                         0x00000000   Number         0  defsig_fpe_formal.o ABSOLUTE
    ../clib/signal.c                         0x00000000   Number         0  defsig_other.o ABSOLUTE
    ../clib/signal.c                         0x00000000   Number         0  defsig_segv_inner.o ABSOLUTE
    ../clib/signal.c                         0x00000000   Number         0  defsig_pvfn_inner.o ABSOLUTE
    ../clib/signal.c                         0x00000000   Number         0  defsig_rtred_inner.o ABSOLUTE
    ../clib/signal.c                         0x00000000   Number         0  defsig_abrt_inner.o ABSOLUTE
    ../clib/signal.c                         0x00000000   Number         0  defsig_rtmem_inner.o ABSOLUTE
    ../clib/signal.c                         0x00000000   Number         0  defsig_rtmem_formal.o ABSOLUTE
    ../clib/signal.c                         0x00000000   Number         0  defsig_cppl_inner.o ABSOLUTE
    ../clib/signal.c                         0x00000000   Number         0  defsig_exit.o ABSOLUTE
    ../clib/signal.c                         0x00000000   Number         0  defsig_rtmem_outer.o ABSOLUTE
    ../clib/signal.c                         0x00000000   Number         0  defsig_stak_inner.o ABSOLUTE
    ../clib/signal.c                         0x00000000   Number         0  defsig_fpe_inner.o ABSOLUTE
    ../clib/signal.c                         0x00000000   Number         0  defsig_general.o ABSOLUTE
    ../clib/signal.s                         0x00000000   Number         0  defsig.o ABSOLUTE
    ../clib/stdlib.c                         0x00000000   Number         0  exit.o ABSOLUTE
    ../clib/string.c                         0x00000000   Number         0  strlen.o ABSOLUTE
    ../fplib/cfplib/fdiv.c                   0x00000000   Number         0  fdiv.o ABSOLUTE
    ../fplib/cfplib/ffix.c                   0x00000000   Number         0  ffixui.o ABSOLUTE
    ../fplib/cfplib/fflt.c                   0x00000000   Number         0  fflti.o ABSOLUTE
    ../fplib/cfplib/fpinit.c                 0x00000000   Number         0  fpinit.o ABSOLUTE
    ../fplib/fmul6m.s                        0x00000000   Number         0  fmul.o ABSOLUTE
    ../fplib/usenofp.s                       0x00000000   Number         0  usenofp.o ABSOLUTE
    ..\..\..\..\..\Source\app_common\app_timer.c 0x00000000   Number         0  app_timer.o ABSOLUTE
    ..\..\..\..\..\Source\ble\ble_advdata.c  0x00000000   Number         0  ble_advdata.o ABSOLUTE
    ..\..\..\..\..\Source\ble\ble_conn_params.c 0x00000000   Number         0  ble_conn_params.o ABSOLUTE
    ..\..\..\..\..\Source\ble\ble_services\ble_srv_common.c 0x00000000   Number         0  ble_srv_common.o ABSOLUTE
    ..\..\..\..\..\Source\sd_common\softdevice_handler.c 0x00000000   Number         0  softdevice_handler.o ABSOLUTE
    ..\..\..\..\..\Source\templates\arm\arm_startup_nrf51.s 0x00000000   Number         0  arm_startup_nrf51.o ABSOLUTE
    ..\..\..\..\..\Source\templates\system_nrf51.c 0x00000000   Number         0  system_nrf51.o ABSOLUTE
    ..\..\Main_Project\arm\LED.c             0x00000000   Number         0  led.o ABSOLUTE
    ..\\..\\..\\..\\..\\Source\\app_common\\app_timer.c 0x00000000   Number         0  app_timer.o ABSOLUTE
    ..\\..\\..\\..\\..\\Source\\ble\\ble_advdata.c 0x00000000   Number         0  ble_advdata.o ABSOLUTE
    ..\\..\\..\\..\\..\\Source\\ble\\ble_conn_params.c 0x00000000   Number         0  ble_conn_params.o ABSOLUTE
    ..\\..\\..\\..\\..\\Source\\ble\\ble_services\\ble_srv_common.c 0x00000000   Number         0  ble_srv_common.o ABSOLUTE
    ..\\..\\..\\..\\..\\Source\\sd_common\\softdevice_handler.c 0x00000000   Number         0  softdevice_handler.o ABSOLUTE
    ..\\..\\..\\..\\..\\Source\\templates\\system_nrf51.c 0x00000000   Number         0  system_nrf51.o ABSOLUTE
    ..\\..\\Main_Project\\arm\\LED.c         0x00000000   Number         0  led.o ABSOLUTE
    ..\\ble_nus.c                            0x00000000   Number         0  ble_nus.o ABSOLUTE
    ..\\main.c                               0x00000000   Number         0  main.o ABSOLUTE
    ..\ble_nus.c                             0x00000000   Number         0  ble_nus.o ABSOLUTE
    ..\main.c                                0x00000000   Number         0  main.o ABSOLUTE
    ADC.c                                    0x00000000   Number         0  adc.o ABSOLUTE
    ADC.c                                    0x00000000   Number         0  adc.o ABSOLUTE
    ADS1248.c                                0x00000000   Number         0  ads1248.o ABSOLUTE
    ADS1248.c                                0x00000000   Number         0  ads1248.o ABSOLUTE
    BLE.c                                    0x00000000   Number         0  ble.o ABSOLUTE
    BLE.c                                    0x00000000   Number         0  ble.o ABSOLUTE
    BLEhandle.c                              0x00000000   Number         0  blehandle.o ABSOLUTE
    BLEhandle.c                              0x00000000   Number         0  blehandle.o ABSOLUTE
    DAC.c                                    0x00000000   Number         0  dac.o ABSOLUTE
    DAC.c                                    0x00000000   Number         0  dac.o ABSOLUTE
    KEY.c                                    0x00000000   Number         0  key.o ABSOLUTE
    KEY.c                                    0x00000000   Number         0  key.o ABSOLUTE
    MainWork.c                               0x00000000   Number         0  mainwork.o ABSOLUTE
    MainWork.c                               0x00000000   Number         0  mainwork.o ABSOLUTE
    RTC0.c                                   0x00000000   Number         0  rtc0.o ABSOLUTE
    RTC0.c                                   0x00000000   Number         0  rtc0.o ABSOLUTE
    TIMER.c                                  0x00000000   Number         0  timer.o ABSOLUTE
    TIMER.c                                  0x00000000   Number         0  timer.o ABSOLUTE
    dc.s                                     0x00000000   Number         0  dc.o ABSOLUTE
    spi_master.c                             0x00000000   Number         0  spi_master.o ABSOLUTE
    spi_master.c                             0x00000000   Number         0  spi_master.o ABSOLUTE
    RESET                                    0x00014000   Section      192  arm_startup_nrf51.o(RESET)
    !!!main                                  0x000140c0   Section        8  __main.o(!!!main)
    !!!scatter                               0x000140c8   Section       60  __scatter.o(!!!scatter)
    !!handler_copy                           0x00014104   Section       26  __scatter_copy.o(!!handler_copy)
    !!handler_zi                             0x00014120   Section       28  __scatter_zi.o(!!handler_zi)
    .ARM.Collect$$libinit$$00000000          0x0001413c   Section        2  libinit.o(.ARM.Collect$$libinit$$00000000)
    .ARM.Collect$$libinit$$00000001          0x0001413e   Section        4  libinit2.o(.ARM.Collect$$libinit$$00000001)
    .ARM.Collect$$libinit$$00000008          0x00014142   Section        0  libinit2.o(.ARM.Collect$$libinit$$00000008)
    .ARM.Collect$$libinit$$0000000A          0x00014142   Section        0  libinit2.o(.ARM.Collect$$libinit$$0000000A)
    .ARM.Collect$$libinit$$0000000C          0x00014142   Section        0  libinit2.o(.ARM.Collect$$libinit$$0000000C)
    .ARM.Collect$$libinit$$0000000F          0x00014142   Section        0  libinit2.o(.ARM.Collect$$libinit$$0000000F)
    .ARM.Collect$$libinit$$00000011          0x00014142   Section        0  libinit2.o(.ARM.Collect$$libinit$$00000011)
    .ARM.Collect$$libinit$$00000013          0x00014142   Section        0  libinit2.o(.ARM.Collect$$libinit$$00000013)
    .ARM.Collect$$libinit$$00000015          0x00014142   Section        0  libinit2.o(.ARM.Collect$$libinit$$00000015)
    .ARM.Collect$$libinit$$00000017          0x00014142   Section        0  libinit2.o(.ARM.Collect$$libinit$$00000017)
    .ARM.Collect$$libinit$$00000019          0x00014142   Section        0  libinit2.o(.ARM.Collect$$libinit$$00000019)
    .ARM.Collect$$libinit$$0000001B          0x00014142   Section        0  libinit2.o(.ARM.Collect$$libinit$$0000001B)
    .ARM.Collect$$libinit$$0000001D          0x00014142   Section        0  libinit2.o(.ARM.Collect$$libinit$$0000001D)
    .ARM.Collect$$libinit$$0000001F          0x00014142   Section        0  libinit2.o(.ARM.Collect$$libinit$$0000001F)
    .ARM.Collect$$libinit$$00000021          0x00014142   Section        0  libinit2.o(.ARM.Collect$$libinit$$00000021)
    .ARM.Collect$$libinit$$00000023          0x00014142   Section        0  libinit2.o(.ARM.Collect$$libinit$$00000023)
    .ARM.Collect$$libinit$$0000002A          0x00014142   Section        0  libinit2.o(.ARM.Collect$$libinit$$0000002A)
    .ARM.Collect$$libinit$$0000002C          0x00014142   Section        0  libinit2.o(.ARM.Collect$$libinit$$0000002C)
    .ARM.Collect$$libinit$$0000002E          0x00014142   Section        0  libinit2.o(.ARM.Collect$$libinit$$0000002E)
    .ARM.Collect$$libinit$$00000030          0x00014142   Section        0  libinit2.o(.ARM.Collect$$libinit$$00000030)
    .ARM.Collect$$libinit$$00000031          0x00014142   Section        2  libinit2.o(.ARM.Collect$$libinit$$00000031)
    .ARM.Collect$$libshutdown$$00000000      0x00014144   Section        2  libshutdown.o(.ARM.Collect$$libshutdown$$00000000)
    .ARM.Collect$$libshutdown$$00000003      0x00014146   Section        0  libshutdown2.o(.ARM.Collect$$libshutdown$$00000003)
    .ARM.Collect$$libshutdown$$00000006      0x00014146   Section        0  libshutdown2.o(.ARM.Collect$$libshutdown$$00000006)
    .ARM.Collect$$libshutdown$$00000009      0x00014146   Section        0  libshutdown2.o(.ARM.Collect$$libshutdown$$00000009)
    .ARM.Collect$$libshutdown$$0000000B      0x00014146   Section        0  libshutdown2.o(.ARM.Collect$$libshutdown$$0000000B)
    .ARM.Collect$$libshutdown$$0000000E      0x00014146   Section        0  libshutdown2.o(.ARM.Collect$$libshutdown$$0000000E)
    .ARM.Collect$$libshutdown$$0000000F      0x00014146   Section        2  libshutdown2.o(.ARM.Collect$$libshutdown$$0000000F)
    .ARM.Collect$$rtentry$$00000000          0x00014148   Section        0  rtentry.o(.ARM.Collect$$rtentry$$00000000)
    .ARM.Collect$$rtentry$$00000002          0x00014148   Section        0  rtentry2.o(.ARM.Collect$$rtentry$$00000002)
    .ARM.Collect$$rtentry$$00000004          0x00014148   Section        6  rtentry4.o(.ARM.Collect$$rtentry$$00000004)
    .ARM.Collect$$rtentry$$00000009          0x0001414e   Section        0  rtentry2.o(.ARM.Collect$$rtentry$$00000009)
    .ARM.Collect$$rtentry$$0000000A          0x0001414e   Section        4  rtentry2.o(.ARM.Collect$$rtentry$$0000000A)
    .ARM.Collect$$rtentry$$0000000C          0x00014152   Section        0  rtentry2.o(.ARM.Collect$$rtentry$$0000000C)
    .ARM.Collect$$rtentry$$0000000D          0x00014152   Section        8  rtentry2.o(.ARM.Collect$$rtentry$$0000000D)
    .ARM.Collect$$rtexit$$00000000           0x0001415a   Section        2  rtexit.o(.ARM.Collect$$rtexit$$00000000)
    .ARM.Collect$$rtexit$$00000002           0x0001415c   Section        0  rtexit2.o(.ARM.Collect$$rtexit$$00000002)
    .ARM.Collect$$rtexit$$00000003           0x0001415c   Section        4  rtexit2.o(.ARM.Collect$$rtexit$$00000003)
    .ARM.Collect$$rtexit$$00000004           0x00014160   Section        6  rtexit2.o(.ARM.Collect$$rtexit$$00000004)
    .emb_text                                0x00014168   Section       30  main.o(.emb_text)
    .emb_text                                0x00014188   Section       30  key.o(.emb_text)
    .emb_text                                0x000141a8   Section       30  ble.o(.emb_text)
    .emb_text                                0x000141c8   Section       30  mainwork.o(.emb_text)
    .emb_text                                0x000141e8   Section       30  ads1248.o(.emb_text)
    .emb_text                                0x00014208   Section       30  dac.o(.emb_text)
    .emb_text                                0x00014228   Section       30  app_timer.o(.emb_text)
    .emb_text                                0x00014248   Section       56  rt_memcpy.o(.emb_text)
    .text                                    0x00014280   Section       72  arm_startup_nrf51.o(.text)
    .text                                    0x000142c8   Section        0  system_nrf51.o(.text)
    is_disabled_in_debug_needed              0x000142d1   Thumb Code    52  system_nrf51.o(.text)
    is_manual_peripheral_setup_needed        0x00014305   Thumb Code   104  system_nrf51.o(.text)
    .text                                    0x000143b0   Section        0  main.o(.text)
    nrf_gpio_cfg_output                      0x000144a5   Thumb Code    18  main.o(.text)
    nrf_gpio_pin_set                         0x000144b7   Thumb Code    10  main.o(.text)
    nrf_gpio_pin_clear                       0x000144c1   Thumb Code    10  main.o(.text)
    .text                                    0x000144d8   Section        0  led.o(.text)
    .text                                    0x0001451c   Section        0  adc.o(.text)
    NVIC_SetPriority                         0x0001467d   Thumb Code   110  adc.o(.text)
    .text                                    0x00014710   Section        0  key.o(.text)
    nrf_gpio_cfg_sense_input                 0x00014711   Thumb Code    24  key.o(.text)
    nrf_gpio_cfg_input                       0x00014817   Thumb Code    20  key.o(.text)
    .text                                    0x00014848   Section        0  rtc0.o(.text)
    lfclk_config                             0x00014849   Thumb Code    36  rtc0.o(.text)
    rtc_config                               0x0001486d   Thumb Code    52  rtc0.o(.text)
    gpio_config                              0x000148a1   Thumb Code    58  rtc0.o(.text)
    .text                                    0x00014914   Section        0  spi_master.o(.text)
    nrf_gpio_cfg_output                      0x00014a8f   Thumb Code    18  spi_master.o(.text)
    nrf_gpio_cfg_input                       0x00014aa1   Thumb Code    20  spi_master.o(.text)
    nrf_gpio_pin_set                         0x00014ab5   Thumb Code    10  spi_master.o(.text)
    .text                                    0x00014acc   Section        0  timer.o(.text)
    .text                                    0x00014c08   Section        0  ble.o(.text)
    nrf_gpio_cfg_sense_input                 0x00014c09   Thumb Code    24  ble.o(.text)
    .text                                    0x00015160   Section        0  mainwork.o(.text)
    nrf_gpio_pin_clear                       0x000158b5   Thumb Code    10  mainwork.o(.text)
    .text                                    0x000158f4   Section        0  blehandle.o(.text)
    .text                                    0x00015ed8   Section        0  ads1248.o(.text)
    nrf_gpio_cfg_output                      0x00016123   Thumb Code    18  ads1248.o(.text)
    nrf_gpio_cfg_input                       0x00016135   Thumb Code    20  ads1248.o(.text)
    nrf_gpio_pin_set                         0x00016149   Thumb Code    10  ads1248.o(.text)
    nrf_gpio_pin_clear                       0x00016153   Thumb Code    10  ads1248.o(.text)
    nrf_gpio_pin_write                       0x0001615d   Thumb Code    26  ads1248.o(.text)
    .text                                    0x00016184   Section        0  dac.o(.text)
    nrf_gpio_cfg_output                      0x0001632f   Thumb Code    18  dac.o(.text)
    nrf_gpio_pin_set                         0x00016341   Thumb Code    10  dac.o(.text)
    nrf_gpio_pin_clear                       0x0001634b   Thumb Code    10  dac.o(.text)
    .text                                    0x0001635c   Section        0  ble_nus.o(.text)
    on_connect                               0x0001635d   Thumb Code     6  ble_nus.o(.text)
    on_disconnect                            0x00016363   Thumb Code     8  ble_nus.o(.text)
    on_write                                 0x0001636b   Thumb Code    84  ble_nus.o(.text)
    rx_char_add                              0x000163bf   Thumb Code   292  ble_nus.o(.text)
    tx_char_add                              0x000164e3   Thumb Code   222  ble_nus.o(.text)
    .text                                    0x000166e4   Section        0  ble_advdata.o(.text)
    name_encode                              0x000166e5   Thumb Code   150  ble_advdata.o(.text)
    appearance_encode                        0x0001677b   Thumb Code    74  ble_advdata.o(.text)
    uint8_array_encode                       0x000167c5   Thumb Code    82  ble_advdata.o(.text)
    tx_power_level_encode                    0x00016817   Thumb Code    48  ble_advdata.o(.text)
    uuid_list_sized_encode                   0x00016847   Thumb Code   196  ble_advdata.o(.text)
    uuid_list_encode                         0x0001690b   Thumb Code    64  ble_advdata.o(.text)
    conn_int_check                           0x0001694b   Thumb Code    88  ble_advdata.o(.text)
    conn_int_encode                          0x000169a3   Thumb Code    92  ble_advdata.o(.text)
    manuf_specific_data_encode               0x000169ff   Thumb Code   106  ble_advdata.o(.text)
    service_data_encode                      0x00016a69   Thumb Code   140  ble_advdata.o(.text)
    adv_data_encode                          0x00016af5   Thumb Code   304  ble_advdata.o(.text)
    advdata_check                            0x00016c25   Thumb Code    34  ble_advdata.o(.text)
    srdata_check                             0x00016c47   Thumb Code    16  ble_advdata.o(.text)
    uint16_encode                            0x00016cd1   Thumb Code    18  ble_advdata.o(.text)
    .text                                    0x00016ce8   Section        0  ble_conn_params.o(.text)
    is_conn_params_ok                        0x00016ce9   Thumb Code    30  ble_conn_params.o(.text)
    update_timeout_handler                   0x00016d07   Thumb Code   136  ble_conn_params.o(.text)
    conn_params_negotiation                  0x00016df5   Thumb Code   126  ble_conn_params.o(.text)
    on_connect                               0x00016e73   Thumb Code    42  ble_conn_params.o(.text)
    on_disconnect                            0x00016e9d   Thumb Code    50  ble_conn_params.o(.text)
    on_write                                 0x00016ecf   Thumb Code    84  ble_conn_params.o(.text)
    on_conn_params_update                    0x00016f23   Thumb Code    20  ble_conn_params.o(.text)
    .text                                    0x00016ff0   Section        0  softdevice_handler.o(.text)
    .text                                    0x000171c4   Section        0  app_timer.o(.text)
    NVIC_SetPriority                         0x000171c5   Thumb Code   110  app_timer.o(.text)
    rtc1_init                                0x00017233   Thumb Code    18  app_timer.o(.text)
    rtc1_start                               0x00017245   Thumb Code    42  app_timer.o(.text)
    rtc1_stop                                0x0001726f   Thumb Code    44  app_timer.o(.text)
    timer_list_insert                        0x0001729b   Thumb Code   212  app_timer.o(.text)
    timer_list_remove                        0x0001736f   Thumb Code   156  app_timer.o(.text)
    timer_timeouts_check_sched               0x0001740b   Thumb Code    10  app_timer.o(.text)
    timer_list_handler_sched                 0x00017415   Thumb Code    10  app_timer.o(.text)
    timeout_handler_exec                     0x0001741f   Thumb Code    60  app_timer.o(.text)
    timer_timeouts_check                     0x0001745b   Thumb Code   132  app_timer.o(.text)
    elapsed_ticks_acquire                    0x000174df   Thumb Code    82  app_timer.o(.text)
    list_deletions_handler                   0x00017531   Thumb Code   280  app_timer.o(.text)
    expired_timers_handler                   0x00017649   Thumb Code   100  app_timer.o(.text)
    list_insertions_handler                  0x000176ad   Thumb Code   264  app_timer.o(.text)
    compare_reg_update                       0x000177b5   Thumb Code   128  app_timer.o(.text)
    timer_list_handler                       0x00017835   Thumb Code    70  app_timer.o(.text)
    user_op_enque                            0x0001787b   Thumb Code     4  app_timer.o(.text)
    user_op_alloc                            0x0001787f   Thumb Code    44  app_timer.o(.text)
    timer_start_op_schedule                  0x000178ab   Thumb Code    80  app_timer.o(.text)
    timer_stop_op_schedule                   0x000178fb   Thumb Code    58  app_timer.o(.text)
    timer_stop_all_op_schedule               0x00017935   Thumb Code    58  app_timer.o(.text)
    user_id_get                              0x00017afb   Thumb Code    34  app_timer.o(.text)
    NVIC_EnableIRQ                           0x00017bf9   Thumb Code    14  app_timer.o(.text)
    NVIC_SetPendingIRQ                       0x00017c07   Thumb Code    14  app_timer.o(.text)
    NVIC_ClearPendingIRQ                     0x00017c15   Thumb Code    16  app_timer.o(.text)
    current_int_priority_get                 0x00017c25   Thumb Code    84  app_timer.o(.text)
    rtc1_counter_get                         0x00017c79   Thumb Code     6  app_timer.o(.text)
    ticks_diff_get                           0x00017c7f   Thumb Code    10  app_timer.o(.text)
    .text                                    0x00017cb0   Section        0  rt_memcpy.o(.text)
    .text                                    0x00017d32   Section        0  rt_memclr.o(.text)
    .text                                    0x00017d72   Section      346  aeabi_sdiv.o(.text)
    .text                                    0x00017ecc   Section        0  heapauxi.o(.text)
    .text                                    0x00017ed4   Section        0  fdiv.o(.text)
    .text                                    0x00018034   Section        0  ffixui.o(.text)
    .text                                    0x00018064   Section        0  fflti.o(.text)
    .text                                    0x000180c2   Section       62  sys_stackheap_outer.o(.text)
    .text                                    0x00018100   Section        0  exit.o(.text)
    .text                                    0x0001810c   Section        8  libspace.o(.text)
    .text                                    0x00018114   Section        0  sys_exit.o(.text)
    .text                                    0x00018120   Section        2  use_no_semi.o(.text)
    .text                                    0x00018122   Section        0  indicate_semi.o(.text)
    x$fpl$fmul                               0x00018124   Section      176  fmul.o(x$fpl$fmul)
    .constdata                               0x000181d4   Section        4  ble.o(.constdata)
    x$fpl$usenofp                            0x000181d4   Section        0  usenofp.o(x$fpl$usenofp)
    .constdata                               0x000181d8   Section       10  blehandle.o(.constdata)
    .constdata                               0x000181e4   Section       16  ble_nus.o(.constdata)
    .constdata                               0x000181f4   Section       64  fdiv.o(.constdata)
    fdiv_tab                                 0x000181f4   Data          64  fdiv.o(.constdata)
    .data                                    0x20002000   Section        4  system_nrf51.o(.data)
    __tagsym$$used                           0x20002000   Number         0  system_nrf51.o(.data)
    .data                                    0x20002004   Section        4  main.o(.data)
    .data                                    0x20002008   Section        4  key.o(.data)
    KeyCnt                                   0x20002008   Data           4  key.o(.data)
    .data                                    0x2000200c   Section       12  timer.o(.data)
    usWDTMs                                  0x20002014   Data           2  timer.o(.data)
    us1ms                                    0x20002016   Data           2  timer.o(.data)
    .data                                    0x20002018   Section        8  ble.o(.data)
    m_sec_params                             0x20002018   Data           6  ble.o(.data)
    m_conn_handle                            0x2000201e   Data           2  ble.o(.data)
    .data                                    0x20002020   Section      124  mainwork.o(.data)
    uiLast1msTick                            0x20002098   Data           4  mainwork.o(.data)
    .data                                    0x2000209c   Section       13  blehandle.o(.data)
    .data                                    0x200020ac   Section       25  ble_conn_params.o(.data)
    m_preferred_conn_params                  0x200020ac   Data           8  ble_conn_params.o(.data)
    m_update_count                           0x200020b4   Data           1  ble_conn_params.o(.data)
    m_conn_handle                            0x200020b6   Data           2  ble_conn_params.o(.data)
    m_current_conn_params                    0x200020b8   Data           8  ble_conn_params.o(.data)
    m_conn_params_timer_id                   0x200020c0   Data           4  ble_conn_params.o(.data)
    m_change_param                           0x200020c4   Data           1  ble_conn_params.o(.data)
    .data                                    0x200020c8   Section       20  softdevice_handler.o(.data)
    m_evt_schedule_func                      0x200020c8   Data           4  softdevice_handler.o(.data)
    m_evt_buffer                             0x200020cc   Data           4  softdevice_handler.o(.data)
    m_ble_evt_buffer_size                    0x200020d0   Data           2  softdevice_handler.o(.data)
    m_softdevice_enabled                     0x200020d2   Data           1  softdevice_handler.o(.data)
    m_ble_evt_handler                        0x200020d4   Data           4  softdevice_handler.o(.data)
    m_sys_evt_handler                        0x200020d8   Data           4  softdevice_handler.o(.data)
    .data                                    0x200020dc   Section       40  app_timer.o(.data)
    m_node_array_size                        0x200020dc   Data           1  app_timer.o(.data)
    mp_nodes                                 0x200020e0   Data           4  app_timer.o(.data)
    m_user_array_size                        0x200020e4   Data           1  app_timer.o(.data)
    mp_users                                 0x200020e8   Data           4  app_timer.o(.data)
    m_timer_id_head                          0x200020ec   Data           4  app_timer.o(.data)
    m_ticks_latest                           0x200020f0   Data           4  app_timer.o(.data)
    m_ticks_elapsed                          0x200020f4   Data           8  app_timer.o(.data)
    m_ticks_elapsed_q_read_ind               0x200020fc   Data           1  app_timer.o(.data)
    m_ticks_elapsed_q_write_ind              0x200020fd   Data           1  app_timer.o(.data)
    m_evt_schedule_func                      0x20002100   Data           4  app_timer.o(.data)
    .bss                                     0x20002104   Section      668  ble.o(.bss)
    APP_TIMER_BUF                            0x20002104   Data         536  ble.o(.bss)
    m_auth_status                            0x2000231c   Data          50  ble.o(.bss)
    EVT_BUFFER                               0x20002350   Data          80  ble.o(.bss)
    .bss                                     0x200023a0   Section       28  blehandle.o(.bss)
    .bss                                     0x200023bc   Section       28  ble_conn_params.o(.bss)
    m_conn_params_config                     0x200023bc   Data          28  ble_conn_params.o(.bss)
    .bss                                     0x200023d8   Section       96  libspace.o(.bss)
    HEAP                                     0x20002438   Section     2048  arm_startup_nrf51.o(HEAP)
    Heap_Mem                                 0x20002438   Data        2048  arm_startup_nrf51.o(HEAP)
    STACK                                    0x20002c38   Section     2048  arm_startup_nrf51.o(STACK)
    Stack_Mem                                0x20002c38   Data        2048  arm_startup_nrf51.o(STACK)
    __initial_sp                             0x20003438   Data           0  arm_startup_nrf51.o(STACK)

    Global Symbols

    Symbol Name                              Value     Ov Type        Size  Object(Section)

    BuildAttributes$$THM_ISAv3M$S$PE$A:L22$X:L11$S22$IEEE1$IW$USESV6$~STKCKD$USESV7$ENUMINT$~SHL$OSPACE$ROPI$EBA8$UX$STANDARDLIB$REQ8$PRES8$EABIv2 0x00000000   Number         0  anon$$obj.o ABSOLUTE
    __ARM_use_no_argv                        0x00000000   Number         0  main.o ABSOLUTE
    __ARM_exceptions_init                     - Undefined Weak Reference
    __alloca_initialize                       - Undefined Weak Reference
    __cpp_initialize__aeabi_                  - Undefined Weak Reference
    __cxa_finalize                            - Undefined Weak Reference
    __rt_locale                               - Undefined Weak Reference
    __sigvec_lookup                           - Undefined Weak Reference
    _atexit_init                              - Undefined Weak Reference
    _call_atexit_fns                          - Undefined Weak Reference
    _clock_init                               - Undefined Weak Reference
    _fp_trap_init                             - Undefined Weak Reference
    _fp_trap_shutdown                         - Undefined Weak Reference
    _get_lc_collate                           - Undefined Weak Reference
    _get_lc_ctype                             - Undefined Weak Reference
    _get_lc_monetary                          - Undefined Weak Reference
    _get_lc_numeric                           - Undefined Weak Reference
    _get_lc_time                              - Undefined Weak Reference
    _getenv_init                              - Undefined Weak Reference
    _handle_redirection                       - Undefined Weak Reference
    _init_alloc                               - Undefined Weak Reference
    _init_user_alloc                          - Undefined Weak Reference
    _initio                                   - Undefined Weak Reference
    _rand_init                                - Undefined Weak Reference
    _signal_finish                            - Undefined Weak Reference
    _signal_init                              - Undefined Weak Reference
    _terminate_alloc                          - Undefined Weak Reference
    _terminate_user_alloc                     - Undefined Weak Reference
    _terminateio                              - Undefined Weak Reference
    __Vectors_Size                           0x000000c0   Number         0  arm_startup_nrf51.o ABSOLUTE
    __Vectors                                0x00014000   Data           4  arm_startup_nrf51.o(RESET)
    __Vectors_End                            0x000140c0   Data           0  arm_startup_nrf51.o(RESET)
    __main                                   0x000140c1   Thumb Code     8  __main.o(!!!main)
    __scatterload                            0x000140c9   Thumb Code     0  __scatter.o(!!!scatter)
    __scatterload_rt2                        0x000140c9   Thumb Code    52  __scatter.o(!!!scatter)
    __scatterload_rt2_thumb_only             0x000140c9   Thumb Code     0  __scatter.o(!!!scatter)
    __scatterload_null                       0x000140d9   Thumb Code     0  __scatter.o(!!!scatter)
    __scatterload_copy                       0x00014105   Thumb Code    26  __scatter_copy.o(!!handler_copy)
    __scatterload_zeroinit                   0x00014121   Thumb Code    28  __scatter_zi.o(!!handler_zi)
    __rt_lib_init                            0x0001413d   Thumb Code     0  libinit.o(.ARM.Collect$$libinit$$00000000)
    __rt_lib_init_fp_1                       0x0001413f   Thumb Code     0  libinit2.o(.ARM.Collect$$libinit$$00000001)
    __rt_lib_init_alloca_1                   0x00014143   Thumb Code     0  libinit2.o(.ARM.Collect$$libinit$$0000002C)
    __rt_lib_init_argv_1                     0x00014143   Thumb Code     0  libinit2.o(.ARM.Collect$$libinit$$0000002A)
    __rt_lib_init_atexit_1                   0x00014143   Thumb Code     0  libinit2.o(.ARM.Collect$$libinit$$00000019)
    __rt_lib_init_clock_1                    0x00014143   Thumb Code     0  libinit2.o(.ARM.Collect$$libinit$$0000001F)
    __rt_lib_init_cpp_1                      0x00014143   Thumb Code     0  libinit2.o(.ARM.Collect$$libinit$$00000030)
    __rt_lib_init_exceptions_1               0x00014143   Thumb Code     0  libinit2.o(.ARM.Collect$$libinit$$0000002E)
    __rt_lib_init_fp_trap_1                  0x00014143   Thumb Code     0  libinit2.o(.ARM.Collect$$libinit$$0000001D)
    __rt_lib_init_getenv_1                   0x00014143   Thumb Code     0  libinit2.o(.ARM.Collect$$libinit$$00000021)
    __rt_lib_init_heap_1                     0x00014143   Thumb Code     0  libinit2.o(.ARM.Collect$$libinit$$00000008)
    __rt_lib_init_lc_collate_1               0x00014143   Thumb Code     0  libinit2.o(.ARM.Collect$$libinit$$0000000F)
    __rt_lib_init_lc_ctype_1                 0x00014143   Thumb Code     0  libinit2.o(.ARM.Collect$$libinit$$00000011)
    __rt_lib_init_lc_monetary_1              0x00014143   Thumb Code     0  libinit2.o(.ARM.Collect$$libinit$$00000013)
    __rt_lib_init_lc_numeric_1               0x00014143   Thumb Code     0  libinit2.o(.ARM.Collect$$libinit$$00000015)
    __rt_lib_init_lc_time_1                  0x00014143   Thumb Code     0  libinit2.o(.ARM.Collect$$libinit$$00000017)
    __rt_lib_init_rand_1                     0x00014143   Thumb Code     0  libinit2.o(.ARM.Collect$$libinit$$0000000C)
    __rt_lib_init_return                     0x00014143   Thumb Code     0  libinit2.o(.ARM.Collect$$libinit$$00000031)
    __rt_lib_init_signal_1                   0x00014143   Thumb Code     0  libinit2.o(.ARM.Collect$$libinit$$0000001B)
    __rt_lib_init_stdio_1                    0x00014143   Thumb Code     0  libinit2.o(.ARM.Collect$$libinit$$00000023)
    __rt_lib_init_user_alloc_1               0x00014143   Thumb Code     0  libinit2.o(.ARM.Collect$$libinit$$0000000A)
    __rt_lib_shutdown                        0x00014145   Thumb Code     0  libshutdown.o(.ARM.Collect$$libshutdown$$00000000)
    __rt_lib_shutdown_fp_trap_1              0x00014147   Thumb Code     0  libshutdown2.o(.ARM.Collect$$libshutdown$$00000006)
    __rt_lib_shutdown_heap_1                 0x00014147   Thumb Code     0  libshutdown2.o(.ARM.Collect$$libshutdown$$0000000E)
    __rt_lib_shutdown_return                 0x00014147   Thumb Code     0  libshutdown2.o(.ARM.Collect$$libshutdown$$0000000F)
    __rt_lib_shutdown_signal_1               0x00014147   Thumb Code     0  libshutdown2.o(.ARM.Collect$$libshutdown$$00000009)
    __rt_lib_shutdown_stdio_1                0x00014147   Thumb Code     0  libshutdown2.o(.ARM.Collect$$libshutdown$$00000003)
    __rt_lib_shutdown_user_alloc_1           0x00014147   Thumb Code     0  libshutdown2.o(.ARM.Collect$$libshutdown$$0000000B)
    __rt_entry                               0x00014149   Thumb Code     0  rtentry.o(.ARM.Collect$$rtentry$$00000000)
    __rt_entry_presh_1                       0x00014149   Thumb Code     0  rtentry2.o(.ARM.Collect$$rtentry$$00000002)
    __rt_entry_sh                            0x00014149   Thumb Code     0  rtentry4.o(.ARM.Collect$$rtentry$$00000004)
    __rt_entry_li                            0x0001414f   Thumb Code     0  rtentry2.o(.ARM.Collect$$rtentry$$0000000A)
    __rt_entry_postsh_1                      0x0001414f   Thumb Code     0  rtentry2.o(.ARM.Collect$$rtentry$$00000009)
    __rt_entry_main                          0x00014153   Thumb Code     0  rtentry2.o(.ARM.Collect$$rtentry$$0000000D)
    __rt_entry_postli_1                      0x00014153   Thumb Code     0  rtentry2.o(.ARM.Collect$$rtentry$$0000000C)
    __rt_exit                                0x0001415b   Thumb Code     0  rtexit.o(.ARM.Collect$$rtexit$$00000000)
    __rt_exit_ls                             0x0001415d   Thumb Code     0  rtexit2.o(.ARM.Collect$$rtexit$$00000003)
    __rt_exit_prels_1                        0x0001415d   Thumb Code     0  rtexit2.o(.ARM.Collect$$rtexit$$00000002)
    __rt_exit_exit                           0x00014161   Thumb Code     0  rtexit2.o(.ARM.Collect$$rtexit$$00000004)
    __asm___6_main_c_main__nrf_delay_us      0x00014169   Thumb Code    30  main.o(.emb_text)
    __asm___5_KEY_c_KEY_Init__nrf_delay_us   0x00014189   Thumb Code    30  key.o(.emb_text)
    __asm___5_BLE_c_94ae794d__nrf_delay_us   0x000141a9   Thumb Code    30  ble.o(.emb_text)
    __asm___10_MainWork_c_474190e2__nrf_delay_us 0x000141c9   Thumb Code    30  mainwork.o(.emb_text)
    __asm___9_ADS1248_c_c88e4c8d__nrf_delay_us 0x000141e9   Thumb Code    30  ads1248.o(.emb_text)
    __asm___5_DAC_c_DAC_init__nrf_delay_us   0x00014209   Thumb Code    30  dac.o(.emb_text)
    __asm___11_app_timer_c_cd27f9c3__nrf_delay_us 0x00014229   Thumb Code    30  app_timer.o(.emb_text)
    __aeabi_memcpy4                          0x00014249   Thumb Code    56  rt_memcpy.o(.emb_text)
    __aeabi_memcpy8                          0x00014249   Thumb Code     0  rt_memcpy.o(.emb_text)
    Reset_Handler                            0x00014281   Thumb Code    18  arm_startup_nrf51.o(.text)
    NMI_Handler                              0x00014293   Thumb Code     2  arm_startup_nrf51.o(.text)
    HardFault_Handler                        0x00014295   Thumb Code     2  arm_startup_nrf51.o(.text)
    SVC_Handler                              0x00014297   Thumb Code     2  arm_startup_nrf51.o(.text)
    PendSV_Handler                           0x00014299   Thumb Code     2  arm_startup_nrf51.o(.text)
    SysTick_Handler                          0x0001429b   Thumb Code     2  arm_startup_nrf51.o(.text)
    ADC_IRQHandler                           0x0001429d   Thumb Code     0  arm_startup_nrf51.o(.text)
    CCM_AAR_IRQHandler                       0x0001429d   Thumb Code     0  arm_startup_nrf51.o(.text)
    ECB_IRQHandler                           0x0001429d   Thumb Code     0  arm_startup_nrf51.o(.text)
    GPIOTE_IRQHandler                        0x0001429d   Thumb Code     0  arm_startup_nrf51.o(.text)
    LPCOMP_IRQHandler                        0x0001429d   Thumb Code     0  arm_startup_nrf51.o(.text)
    POWER_CLOCK_IRQHandler                   0x0001429d   Thumb Code     0  arm_startup_nrf51.o(.text)
    QDEC_IRQHandler                          0x0001429d   Thumb Code     0  arm_startup_nrf51.o(.text)
    RADIO_IRQHandler                         0x0001429d   Thumb Code     0  arm_startup_nrf51.o(.text)
    RNG_IRQHandler                           0x0001429d   Thumb Code     0  arm_startup_nrf51.o(.text)
    SPI0_TWI0_IRQHandler                     0x0001429d   Thumb Code     0  arm_startup_nrf51.o(.text)
    SPI1_TWI1_IRQHandler                     0x0001429d   Thumb Code     0  arm_startup_nrf51.o(.text)
    SWI1_IRQHandler                          0x0001429d   Thumb Code     0  arm_startup_nrf51.o(.text)
    SWI3_IRQHandler                          0x0001429d   Thumb Code     0  arm_startup_nrf51.o(.text)
    SWI4_IRQHandler                          0x0001429d   Thumb Code     0  arm_startup_nrf51.o(.text)
    SWI5_IRQHandler                          0x0001429d   Thumb Code     0  arm_startup_nrf51.o(.text)
    TEMP_IRQHandler                          0x0001429d   Thumb Code     0  arm_startup_nrf51.o(.text)
    TIMER0_IRQHandler                        0x0001429d   Thumb Code     0  arm_startup_nrf51.o(.text)
    TIMER2_IRQHandler                        0x0001429d   Thumb Code     0  arm_startup_nrf51.o(.text)
    UART0_IRQHandler                         0x0001429d   Thumb Code     0  arm_startup_nrf51.o(.text)
    WDT_IRQHandler                           0x0001429d   Thumb Code     0  arm_startup_nrf51.o(.text)
    __user_initial_stackheap                 0x000142a1   Thumb Code     0  arm_startup_nrf51.o(.text)
    SystemCoreClockUpdate                    0x000142c9   Thumb Code     8  system_nrf51.o(.text)
    SystemInit                               0x0001436d   Thumb Code    38  system_nrf51.o(.text)
    main                                     0x000143b1   Thumb Code   244  main.o(.text)
    LED_Init                                 0x000144d9   Thumb Code    36  led.o(.text)
    LED_ON                                   0x000144fd   Thumb Code    14  led.o(.text)
    LED_OFF                                  0x0001450b   Thumb Code    14  led.o(.text)
    nrf_adc_init                             0x0001451d   Thumb Code    66  adc.o(.text)
    nrf_adc_init_vbat                        0x0001455f   Thumb Code    12  adc.o(.text)
    nrf_adc_read                             0x0001456b   Thumb Code    28  adc.o(.text)
    nrf_adc_read_vbat_f                      0x00014587   Thumb Code    40  adc.o(.text)
    nrf_adc_read_vbat_mv                     0x000145af   Thumb Code    16  adc.o(.text)
    ADC_Init                                 0x000145bf   Thumb Code    34  adc.o(.text)
    adc_read_bat                             0x000145e1   Thumb Code    20  adc.o(.text)
    adc_read_usb                             0x000145f5   Thumb Code    68  adc.o(.text)
    adc_read_LED                             0x00014639   Thumb Code    68  adc.o(.text)
    KEY_Init                                 0x00014729   Thumb Code    30  key.o(.text)
    KEY1_Manger                              0x00014747   Thumb Code   208  key.o(.text)
    RTC0_IRQHandler                          0x000148db   Thumb Code     2  rtc0.o(.text)
    RTC0_Init                                0x000148dd   Thumb Code    22  rtc0.o(.text)
    spi_master_init                          0x00014915   Thumb Code   250  spi_master.o(.text)
    spi_master_tx_rx                         0x00014a0f   Thumb Code   128  spi_master.o(.text)
    TIMER1_IRQHandler                        0x00014acd   Thumb Code   196  timer.o(.text)
    timer1_init                              0x00014b91   Thumb Code    48  timer.o(.text)
    TIMER1_Enable                            0x00014bc1   Thumb Code    16  timer.o(.text)
    app_error_handler                        0x00014c21   Thumb Code    22  ble.o(.text)
    assert_nrf_callback                      0x00014c37   Thumb Code    14  ble.o(.text)
    leds_init                                0x00014c45   Thumb Code    22  ble.o(.text)
    timers_init                              0x00014c5b   Thumb Code    46  ble.o(.text)
    gap_params_init                          0x00014c89   Thumb Code   118  ble.o(.text)
    advertising_init                         0x00014cff   Thumb Code   102  ble.o(.text)
    nus_data_handler                         0x00014d65   Thumb Code    20  ble.o(.text)
    services_init                            0x00014d79   Thumb Code    44  ble.o(.text)
    sec_params_init                          0x00014da5   Thumb Code    66  ble.o(.text)
    on_conn_params_evt                       0x00014de7   Thumb Code    44  ble.o(.text)
    conn_params_error_handler                0x00014e13   Thumb Code    14  ble.o(.text)
    conn_params_init                         0x00014e21   Thumb Code    80  ble.o(.text)
    advertising_start                        0x00014e71   Thumb Code    80  ble.o(.text)
    on_ble_evt                               0x00014ec1   Thumb Code   496  ble.o(.text)
    ble_evt_dispatch                         0x000150b1   Thumb Code    26  ble.o(.text)
    ble_stack_init                           0x000150cb   Thumb Code    78  ble.o(.text)
    buttons_init                             0x00015119   Thumb Code    14  ble.o(.text)
    power_manage                             0x00015127   Thumb Code    32  ble.o(.text)
    adg1                                     0x00015161   Thumb Code   182  mainwork.o(.text)
    adg2                                     0x00015217   Thumb Code   182  mainwork.o(.text)
    adg1off                                  0x000152cd   Thumb Code    10  mainwork.o(.text)
    adg2off                                  0x000152d7   Thumb Code    10  mainwork.o(.text)
    read1                                    0x000152e1   Thumb Code    94  mainwork.o(.text)
    read2                                    0x0001533f   Thumb Code   126  mainwork.o(.text)
    read1no                                  0x000153bd   Thumb Code    80  mainwork.o(.text)
    read2no                                  0x0001540d   Thumb Code    84  mainwork.o(.text)
    read2com                                 0x00015461   Thumb Code   118  mainwork.o(.text)
    read1d                                   0x000154d7   Thumb Code   100  mainwork.o(.text)
    read2comd                                0x0001553b   Thumb Code   124  mainwork.o(.text)
    ClearWdt                                 0x000155b7   Thumb Code     8  mainwork.o(.text)
    MainWork                                 0x000155bf   Thumb Code   758  mainwork.o(.text)
    clear                                    0x000158f5   Thumb Code    68  blehandle.o(.text)
    BLE_data_handler                         0x00015939   Thumb Code  1382  blehandle.o(.text)
    ADS1248WCMD                              0x00015ed9   Thumb Code    26  ads1248.o(.text)
    ADS1248WREG                              0x00015ef3   Thumb Code    64  ads1248.o(.text)
    ADS1248RREG                              0x00015f33   Thumb Code    70  ads1248.o(.text)
    ADS1248RRDATA                            0x00015f79   Thumb Code   126  ads1248.o(.text)
    InitADS1248                              0x00015ff7   Thumb Code   176  ads1248.o(.text)
    LightGND                                 0x000160a7   Thumb Code    48  ads1248.o(.text)
    Light                                    0x000160d7   Thumb Code    48  ads1248.o(.text)
    AD_Sleep                                 0x00016107   Thumb Code    14  ads1248.o(.text)
    AD_Wakeup                                0x00016115   Thumb Code    14  ads1248.o(.text)
    DAC_init                                 0x00016185   Thumb Code   124  dac.o(.text)
    AO_Output                                0x00016201   Thumb Code   302  dac.o(.text)
    ble_nus_on_ble_evt                       0x000165c1   Thumb Code    70  ble_nus.o(.text)
    ble_nus_init                             0x00016607   Thumb Code   128  ble_nus.o(.text)
    ble_nus_send_string                      0x00016687   Thumb Code    84  ble_nus.o(.text)
    ble_advdata_set                          0x00016c57   Thumb Code   122  ble_advdata.o(.text)
    ble_conn_params_init                     0x00016d8f   Thumb Code    90  ble_conn_params.o(.text)
    ble_conn_params_stop                     0x00016de9   Thumb Code    12  ble_conn_params.o(.text)
    ble_conn_params_on_ble_evt               0x00016f37   Thumb Code    62  ble_conn_params.o(.text)
    ble_conn_params_change_conn_params       0x00016f75   Thumb Code    86  ble_conn_params.o(.text)
    softdevice_assertion_handler             0x00016ff1   Thumb Code    18  softdevice_handler.o(.text)
    intern_softdevice_events_execute         0x00017003   Thumb Code   168  softdevice_handler.o(.text)
    softdevice_handler_init                  0x000170ab   Thumb Code    84  softdevice_handler.o(.text)
    softdevice_handler_sd_disable            0x000170ff   Thumb Code    24  softdevice_handler.o(.text)
    softdevice_ble_evt_handler_set           0x00017117   Thumb Code    18  softdevice_handler.o(.text)
    softdevice_sys_evt_handler_set           0x00017129   Thumb Code    18  softdevice_handler.o(.text)
    SWI2_IRQHandler                          0x0001713b   Thumb Code    52  softdevice_handler.o(.text)
    RTC1_IRQHandler                          0x0001796f   Thumb Code    34  app_timer.o(.text)
    SWI0_IRQHandler                          0x00017991   Thumb Code     8  app_timer.o(.text)
    app_timer_init                           0x00017999   Thumb Code   246  app_timer.o(.text)
    app_timer_create                         0x00017a8f   Thumb Code   108  app_timer.o(.text)
    app_timer_start                          0x00017b1d   Thumb Code    98  app_timer.o(.text)
    app_timer_stop                           0x00017b7f   Thumb Code    60  app_timer.o(.text)
    app_timer_stop_all                       0x00017bbb   Thumb Code    26  app_timer.o(.text)
    app_timer_cnt_get                        0x00017bd5   Thumb Code    14  app_timer.o(.text)
    app_timer_cnt_diff_compute               0x00017be3   Thumb Code    22  app_timer.o(.text)
    __aeabi_memcpy                           0x00017cb1   Thumb Code   130  rt_memcpy.o(.text)
    __rt_memcpy                              0x00017cb1   Thumb Code     0  rt_memcpy.o(.text)
    _memset_w                                0x00017d33   Thumb Code    26  rt_memclr.o(.text)
    _memset                                  0x00017d4d   Thumb Code    30  rt_memclr.o(.text)
    __aeabi_memclr                           0x00017d6b   Thumb Code     4  rt_memclr.o(.text)
    __rt_memclr                              0x00017d6b   Thumb Code     0  rt_memclr.o(.text)
    __aeabi_memclr4                          0x00017d6f   Thumb Code     0  rt_memclr.o(.text)
    __aeabi_memclr8                          0x00017d6f   Thumb Code     0  rt_memclr.o(.text)
    __rt_memclr_w                            0x00017d6f   Thumb Code     4  rt_memclr.o(.text)
    __aeabi_uidiv                            0x00017d73   Thumb Code     0  aeabi_sdiv.o(.text)
    __aeabi_uidivmod                         0x00017d73   Thumb Code    20  aeabi_sdiv.o(.text)
    __aeabi_idiv                             0x00017d87   Thumb Code     0  aeabi_sdiv.o(.text)
    __aeabi_idivmod                          0x00017d87   Thumb Code   326  aeabi_sdiv.o(.text)
    __use_two_region_memory                  0x00017ecd   Thumb Code     2  heapauxi.o(.text)
    __rt_heap_escrow$2region                 0x00017ecf   Thumb Code     2  heapauxi.o(.text)
    __rt_heap_expand$2region                 0x00017ed1   Thumb Code     2  heapauxi.o(.text)
    __aeabi_fdiv                             0x00017ed5   Thumb Code     0  fdiv.o(.text)
    _fdiv                                    0x00017ed5   Thumb Code   336  fdiv.o(.text)
    _frdiv                                   0x00018025   Thumb Code     8  fdiv.o(.text)
    __aeabi_f2uiz                            0x00018035   Thumb Code     0  ffixui.o(.text)
    _ffixu                                   0x00018035   Thumb Code    48  ffixui.o(.text)
    __aeabi_i2f_normalise                    0x00018065   Thumb Code    72  fflti.o(.text)
    __aeabi_i2f                              0x000180ad   Thumb Code    16  fflti.o(.text)
    _fflt                                    0x000180ad   Thumb Code     0  fflti.o(.text)
    __aeabi_ui2f                             0x000180bd   Thumb Code     6  fflti.o(.text)
    _ffltu                                   0x000180bd   Thumb Code     0  fflti.o(.text)
    __user_setup_stackheap                   0x000180c3   Thumb Code    62  sys_stackheap_outer.o(.text)
    exit                                     0x00018101   Thumb Code    12  exit.o(.text)
    __user_libspace                          0x0001810d   Thumb Code     8  libspace.o(.text)
    __user_perproc_libspace                  0x0001810d   Thumb Code     0  libspace.o(.text)
    __user_perthread_libspace                0x0001810d   Thumb Code     0  libspace.o(.text)
    _sys_exit                                0x00018115   Thumb Code     8  sys_exit.o(.text)
    __I$use$semihosting                      0x00018121   Thumb Code     0  use_no_semi.o(.text)
    __use_no_semihosting_swi                 0x00018121   Thumb Code     2  use_no_semi.o(.text)
    __semihosting_library_function           0x00018123   Thumb Code     0  indicate_semi.o(.text)
    __aeabi_fmul                             0x00018125   Thumb Code     0  fmul.o(x$fpl$fmul)
    _fmul                                    0x00018125   Thumb Code   172  fmul.o(x$fpl$fmul)
    __I$use$fp                               0x000181d4   Number         0  usenofp.o(x$fpl$usenofp)
    Region$$Table$$Base                      0x00018234   Number         0  anon$$obj.o(Region$$Table)
    Region$$Table$$Limit                     0x00018254   Number         0  anon$$obj.o(Region$$Table)
    SystemCoreClock                          0x20002000   Data           4  system_nrf51.o(.data)
    ADS1248_SPI                              0x20002004   Data           4  main.o(.data)
    timer_50ms_tick                          0x2000200c   Data           1  timer.o(.data)
    timer_1ms_tick                           0x2000200d   Data           1  timer.o(.data)
    memoi                                    0x20002010   Data           4  timer.o(.data)
    Timer_KEY                                0x20002020   Data           4  mainwork.o(.data)
    Timer_LED                                0x20002024   Data           4  mainwork.o(.data)
    Key_Count                                0x20002028   Data           4  mainwork.o(.data)
    Long_press                               0x2000202c   Data           4  mainwork.o(.data)
    startBLE                                 0x20002030   Data           4  mainwork.o(.data)
    enableBLE                                0x20002034   Data           4  mainwork.o(.data)
    p_nus                                    0x20002038   Data           4  mainwork.o(.data)
    p_data                                   0x2000203c   Data           4  mainwork.o(.data)
    length                                   0x20002040   Data           2  mainwork.o(.data)
    SendFlag                                 0x20002042   Data           1  mainwork.o(.data)
    ADFlag                                   0x20002043   Data           1  mainwork.o(.data)
    EraseFlag                                0x20002044   Data           1  mainwork.o(.data)
    FindFlag                                 0x20002045   Data           1  mainwork.o(.data)
    StopFlag                                 0x20002046   Data           1  mainwork.o(.data)
    BLE_flag                                 0x20002047   Data           1  mainwork.o(.data)
    SN1                                      0x20002048   Data           1  mainwork.o(.data)
    SN2                                      0x20002049   Data           1  mainwork.o(.data)
    Find_i                                   0x2000204c   Data           4  mainwork.o(.data)
    RxData                                   0x20002050   Data          10  mainwork.o(.data)
    AD_LED                                   0x2000205c   Data           4  mainwork.o(.data)
    bts_get                                  0x20002060   Data           4  mainwork.o(.data)
    ADbuff_i                                 0x20002064   Data           4  mainwork.o(.data)
    ADall                                    0x20002068   Data           4  mainwork.o(.data)
    AD_A                                     0x2000206c   Data           4  mainwork.o(.data)
    AD_dA                                    0x20002070   Data           4  mainwork.o(.data)
    ADdel                                    0x20002074   Data           1  mainwork.o(.data)
    ADtimeout                                0x20002078   Data           4  mainwork.o(.data)
    g_uiWdtCnt                               0x2000207c   Data           4  mainwork.o(.data)
    noBat                                    0x20002080   Data           4  mainwork.o(.data)
    noBattimeout                             0x20002084   Data           4  mainwork.o(.data)
    memo                                     0x20002088   Data          16  mainwork.o(.data)
    isUSB                                    0x2000209c   Data           4  blehandle.o(.data)
    isFULL                                   0x200020a0   Data           4  blehandle.o(.data)
    light                                    0x200020a4   Data           1  blehandle.o(.data)
    bts_test                                 0x200020a5   Data           4  blehandle.o(.data)
    m_nus                                    0x200023a0   Data          28  blehandle.o(.bss)
    __libspace_start                         0x200023d8   Data          96  libspace.o(.bss)
    __temporary_stack_top$libspace           0x20002438   Data           0  libspace.o(.bss)



==============================================================================

Memory Map of the image

  Image Entry point : 0x000140c1

  Load Region LR_IROM1 (Base: 0x00014000, Size: 0x00004358, Max: 0x0002b000, ABSOLUTE)

    Execution Region ER_IROM1 (Base: 0x00014000, Size: 0x00004254, Max: 0x0002b000, ABSOLUTE)

    Base Addr    Size         Type   Attr      Idx    E Section Name        Object

    0x00014000   0x000000c0   Data   RO            3    RESET               arm_startup_nrf51.o
    0x000140c0   0x00000008   Code   RO         1043  * !!!main             c_p.l(__main.o)
    0x000140c8   0x0000003c   Code   RO         1219    !!!scatter          c_p.l(__scatter.o)
    0x00014104   0x0000001a   Code   RO         1221    !!handler_copy      c_p.l(__scatter_copy.o)
    0x0001411e   0x00000002   PAD
    0x00014120   0x0000001c   Code   RO         1223    !!handler_zi        c_p.l(__scatter_zi.o)
    0x0001413c   0x00000002   Code   RO         1091    .ARM.Collect$$libinit$$00000000  c_p.l(libinit.o)
    0x0001413e   0x00000004   Code   RO         1104    .ARM.Collect$$libinit$$00000001  c_p.l(libinit2.o)
    0x00014142   0x00000000   Code   RO         1108    .ARM.Collect$$libinit$$00000008  c_p.l(libinit2.o)
    0x00014142   0x00000000   Code   RO         1110    .ARM.Collect$$libinit$$0000000A  c_p.l(libinit2.o)
    0x00014142   0x00000000   Code   RO         1112    .ARM.Collect$$libinit$$0000000C  c_p.l(libinit2.o)
    0x00014142   0x00000000   Code   RO         1115    .ARM.Collect$$libinit$$0000000F  c_p.l(libinit2.o)
    0x00014142   0x00000000   Code   RO         1117    .ARM.Collect$$libinit$$00000011  c_p.l(libinit2.o)
    0x00014142   0x00000000   Code   RO         1119    .ARM.Collect$$libinit$$00000013  c_p.l(libinit2.o)
    0x00014142   0x00000000   Code   RO         1121    .ARM.Collect$$libinit$$00000015  c_p.l(libinit2.o)
    0x00014142   0x00000000   Code   RO         1123    .ARM.Collect$$libinit$$00000017  c_p.l(libinit2.o)
    0x00014142   0x00000000   Code   RO         1125    .ARM.Collect$$libinit$$00000019  c_p.l(libinit2.o)
    0x00014142   0x00000000   Code   RO         1127    .ARM.Collect$$libinit$$0000001B  c_p.l(libinit2.o)
    0x00014142   0x00000000   Code   RO         1129    .ARM.Collect$$libinit$$0000001D  c_p.l(libinit2.o)
    0x00014142   0x00000000   Code   RO         1131    .ARM.Collect$$libinit$$0000001F  c_p.l(libinit2.o)
    0x00014142   0x00000000   Code   RO         1133    .ARM.Collect$$libinit$$00000021  c_p.l(libinit2.o)
    0x00014142   0x00000000   Code   RO         1135    .ARM.Collect$$libinit$$00000023  c_p.l(libinit2.o)
    0x00014142   0x00000000   Code   RO         1139    .ARM.Collect$$libinit$$0000002A  c_p.l(libinit2.o)
    0x00014142   0x00000000   Code   RO         1141    .ARM.Collect$$libinit$$0000002C  c_p.l(libinit2.o)
    0x00014142   0x00000000   Code   RO         1143    .ARM.Collect$$libinit$$0000002E  c_p.l(libinit2.o)
    0x00014142   0x00000000   Code   RO         1145    .ARM.Collect$$libinit$$00000030  c_p.l(libinit2.o)
    0x00014142   0x00000002   Code   RO         1146    .ARM.Collect$$libinit$$00000031  c_p.l(libinit2.o)
    0x00014144   0x00000002   Code   RO         1177    .ARM.Collect$$libshutdown$$00000000  c_p.l(libshutdown.o)
    0x00014146   0x00000000   Code   RO         1204    .ARM.Collect$$libshutdown$$00000003  c_p.l(libshutdown2.o)
    0x00014146   0x00000000   Code   RO         1207    .ARM.Collect$$libshutdown$$00000006  c_p.l(libshutdown2.o)
    0x00014146   0x00000000   Code   RO         1210    .ARM.Collect$$libshutdown$$00000009  c_p.l(libshutdown2.o)
    0x00014146   0x00000000   Code   RO         1212    .ARM.Collect$$libshutdown$$0000000B  c_p.l(libshutdown2.o)
    0x00014146   0x00000000   Code   RO         1215    .ARM.Collect$$libshutdown$$0000000E  c_p.l(libshutdown2.o)
    0x00014146   0x00000002   Code   RO         1216    .ARM.Collect$$libshutdown$$0000000F  c_p.l(libshutdown2.o)
    0x00014148   0x00000000   Code   RO         1054    .ARM.Collect$$rtentry$$00000000  c_p.l(rtentry.o)
    0x00014148   0x00000000   Code   RO         1061    .ARM.Collect$$rtentry$$00000002  c_p.l(rtentry2.o)
    0x00014148   0x00000006   Code   RO         1073    .ARM.Collect$$rtentry$$00000004  c_p.l(rtentry4.o)
    0x0001414e   0x00000000   Code   RO         1063    .ARM.Collect$$rtentry$$00000009  c_p.l(rtentry2.o)
    0x0001414e   0x00000004   Code   RO         1064    .ARM.Collect$$rtentry$$0000000A  c_p.l(rtentry2.o)
    0x00014152   0x00000000   Code   RO         1066    .ARM.Collect$$rtentry$$0000000C  c_p.l(rtentry2.o)
    0x00014152   0x00000008   Code   RO         1067    .ARM.Collect$$rtentry$$0000000D  c_p.l(rtentry2.o)
    0x0001415a   0x00000002   Code   RO         1096    .ARM.Collect$$rtexit$$00000000  c_p.l(rtexit.o)
    0x0001415c   0x00000000   Code   RO         1150    .ARM.Collect$$rtexit$$00000002  c_p.l(rtexit2.o)
    0x0001415c   0x00000004   Code   RO         1151    .ARM.Collect$$rtexit$$00000003  c_p.l(rtexit2.o)
    0x00014160   0x00000006   Code   RO         1152    .ARM.Collect$$rtexit$$00000004  c_p.l(rtexit2.o)
    0x00014166   0x00000002   PAD
    0x00014168   0x0000001e   Code   RO           69    .emb_text           main.o
    0x00014186   0x00000002   PAD
    0x00014188   0x0000001e   Code   RO          319    .emb_text           key.o
    0x000141a6   0x00000002   PAD
    0x000141a8   0x0000001e   Code   RO          473    .emb_text           ble.o
    0x000141c6   0x00000002   PAD
    0x000141c8   0x0000001e   Code   RO          514    .emb_text           mainwork.o
    0x000141e6   0x00000002   PAD
    0x000141e8   0x0000001e   Code   RO          591    .emb_text           ads1248.o
    0x00014206   0x00000002   PAD
    0x00014208   0x0000001e   Code   RO          636    .emb_text           dac.o
    0x00014226   0x00000002   PAD
    0x00014228   0x0000001e   Code   RO          917    .emb_text           app_timer.o
    0x00014246   0x00000002   PAD
    0x00014248   0x00000038   Code   RO         1031    .emb_text           c_p.l(rt_memcpy.o)
    0x00014280   0x00000048   Code   RO            4    .text               arm_startup_nrf51.o
    0x000142c8   0x000000e8   Code   RO           12    .text               system_nrf51.o
    0x000143b0   0x00000128   Code   RO           70    .text               main.o
    0x000144d8   0x00000044   Code   RO          247    .text               led.o
    0x0001451c   0x000001f4   Code   RO          284    .text               adc.o
    0x00014710   0x00000138   Code   RO          320    .text               key.o
    0x00014848   0x000000cc   Code   RO          360    .text               rtc0.o
    0x00014914   0x000001b8   Code   RO          393    .text               spi_master.o
    0x00014acc   0x0000013c   Code   RO          436    .text               timer.o
    0x00014c08   0x00000558   Code   RO          474    .text               ble.o
    0x00015160   0x00000794   Code   RO          515    .text               mainwork.o
    0x000158f4   0x000005e4   Code   RO          559    .text               blehandle.o
    0x00015ed8   0x000002ac   Code   RO          592    .text               ads1248.o
    0x00016184   0x000001d8   Code   RO          637    .text               dac.o
    0x0001635c   0x00000388   Code   RO          660    .text               ble_nus.o
    0x000166e4   0x00000604   Code   RO          773    .text               ble_advdata.o
    0x00016ce8   0x00000308   Code   RO          802    .text               ble_conn_params.o
    0x00016ff0   0x000001d4   Code   RO          844    .text               softdevice_handler.o
    0x000171c4   0x00000aec   Code   RO          918    .text               app_timer.o
    0x00017cb0   0x00000082   Code   RO         1032    .text               c_p.l(rt_memcpy.o)
    0x00017d32   0x00000040   Code   RO         1035    .text               c_p.l(rt_memclr.o)
    0x00017d72   0x0000015a   Code   RO         1037    .text               c_p.l(aeabi_sdiv.o)
    0x00017ecc   0x00000006   Code   RO         1041    .text               c_p.l(heapauxi.o)
    0x00017ed2   0x00000002   PAD
    0x00017ed4   0x00000160   Code   RO         1045    .text               fz_ps.l(fdiv.o)
    0x00018034   0x00000030   Code   RO         1048    .text               fz_ps.l(ffixui.o)
    0x00018064   0x0000005e   Code   RO         1050    .text               fz_ps.l(fflti.o)
    0x000180c2   0x0000003e   Code   RO         1077    .text               c_p.l(sys_stackheap_outer.o)
    0x00018100   0x0000000c   Code   RO         1080    .text               c_p.l(exit.o)
    0x0001810c   0x00000008   Code   RO         1092    .text               c_p.l(libspace.o)
    0x00018114   0x0000000c   Code   RO         1147    .text               c_p.l(sys_exit.o)
    0x00018120   0x00000002   Code   RO         1166    .text               c_p.l(use_no_semi.o)
    0x00018122   0x00000000   Code   RO         1168    .text               c_p.l(indicate_semi.o)
    0x00018122   0x00000002   PAD
    0x00018124   0x000000b0   Code   RO         1052    x$fpl$fmul          fz_ps.l(fmul.o)
    0x000181d4   0x00000000   Code   RO         1059    x$fpl$usenofp       fz_ps.l(usenofp.o)
    0x000181d4   0x00000004   Data   RO          476    .constdata          ble.o
    0x000181d8   0x0000000a   Data   RO          561    .constdata          blehandle.o
    0x000181e2   0x00000002   PAD
    0x000181e4   0x00000010   Data   RO          661    .constdata          ble_nus.o
    0x000181f4   0x00000040   Data   RO         1046    .constdata          fz_ps.l(fdiv.o)
    0x00018234   0x00000020   Data   RO         1217    Region$$Table       anon$$obj.o


    Execution Region RW_IRAM1 (Base: 0x20002000, Size: 0x00001438, Max: 0x00002000, ABSOLUTE)

    Base Addr    Size         Type   Attr      Idx    E Section Name        Object

    0x20002000   0x00000004   Data   RW           13    .data               system_nrf51.o
    0x20002004   0x00000004   Data   RW           71    .data               main.o
    0x20002008   0x00000004   Data   RW          321    .data               key.o
    0x2000200c   0x0000000c   Data   RW          437    .data               timer.o
    0x20002018   0x00000008   Data   RW          477    .data               ble.o
    0x20002020   0x0000007c   Data   RW          517    .data               mainwork.o
    0x2000209c   0x0000000d   Data   RW          562    .data               blehandle.o
    0x200020a9   0x00000003   PAD
    0x200020ac   0x00000019   Data   RW          804    .data               ble_conn_params.o
    0x200020c5   0x00000003   PAD
    0x200020c8   0x00000014   Data   RW          845    .data               softdevice_handler.o
    0x200020dc   0x00000028   Data   RW          919    .data               app_timer.o
    0x20002104   0x0000029c   Zero   RW          475    .bss                ble.o
    0x200023a0   0x0000001c   Zero   RW          560    .bss                blehandle.o
    0x200023bc   0x0000001c   Zero   RW          803    .bss                ble_conn_params.o
    0x200023d8   0x00000060   Zero   RW         1093    .bss                c_p.l(libspace.o)
    0x20002438   0x00000800   Zero   RW            2    HEAP                arm_startup_nrf51.o
    0x20002c38   0x00000800   Zero   RW            1    STACK               arm_startup_nrf51.o


==============================================================================

Image component sizes


      Code (inc. data)   RO Data    RW Data    ZI Data      Debug   Object Name

       500         38          0          0          0       8579   adc.o
       714         14          0          0          0       6382   ads1248.o
      2826        184          0         40          0      22393   app_timer.o
        72         32        192          0       4096        736   arm_startup_nrf51.o
      1398        102          4          8        668      14847   ble.o
      1540          6          0          0          0      10842   ble_advdata.o
       776         38          0         25         28       7462   ble_conn_params.o
       904         10         16          0          0      37494   ble_nus.o
         0          0          0          0          0      12468   ble_srv_common.o
      1508         94         10         13         28       3033   blehandle.o
       502          8          0          0          0       1725   dac.o
       342         30          0          4          0       9915   key.o
        68          4          0          0          0       3130   led.o
       326         14          0          4          0      58661   main.o
      1970        122          0        124          0      10303   mainwork.o
       204         34          0          0          0       9016   rtc0.o
       468         86          0         20          0      22564   softdevice_handler.o
       440         14          0          0          0       4887   spi_master.o
       232         30          0          4          0      21509   system_nrf51.o
       316         56          0         12          0       7085   timer.o

    ----------------------------------------------------------------------
     15120        916        256        260       4820     273031   Object Totals
         0          0         32          0          0          0   (incl. Generated)
        14          0          2          6          0          0   (incl. Padding)

    ----------------------------------------------------------------------

      Code (inc. data)   RO Data    RW Data    ZI Data      Debug   Library Member Name

         8          0          0          0          0         68   __main.o
        60          8          0          0          0          0   __scatter.o
        26          0          0          0          0          0   __scatter_copy.o
        28          0          0          0          0          0   __scatter_zi.o
       346          0          0          0          0         92   aeabi_sdiv.o
        12          0          0          0          0         64   exit.o
         6          0          0          0          0        136   heapauxi.o
         0          0          0          0          0          0   indicate_semi.o
         2          0          0          0          0          0   libinit.o
         6          0          0          0          0          0   libinit2.o
         2          0          0          0          0          0   libshutdown.o
         2          0          0          0          0          0   libshutdown2.o
         8          4          0          0         96         68   libspace.o
        64          0          0          0          0        108   rt_memclr.o
       186          0          0          0          0        144   rt_memcpy.o
         0          0          0          0          0          0   rtentry.o
        12          0          0          0          0          0   rtentry2.o
         6          0          0          0          0          0   rtentry4.o
         2          0          0          0          0          0   rtexit.o
        10          0          0          0          0          0   rtexit2.o
        12          4          0          0          0         60   sys_exit.o
        62          0          0          0          0         80   sys_stackheap_outer.o
         2          0          0          0          0         68   use_no_semi.o
       352          8         64          0          0         88   fdiv.o
        48          0          0          0          0         60   ffixui.o
        94          0          0          0          0         92   fflti.o
       176          4          0          0          0         80   fmul.o
         0          0          0          0          0          0   usenofp.o

    ----------------------------------------------------------------------
      1540         28         64          0         96       1208   Library Totals
         8          0          0          0          0          0   (incl. Padding)

    ----------------------------------------------------------------------

      Code (inc. data)   RO Data    RW Data    ZI Data      Debug   Library Name

       862         16          0          0         96        888   c_p.l
       670         12         64          0          0        320   fz_ps.l

    ----------------------------------------------------------------------
      1540         28         64          0         96       1208   Library Totals

    ----------------------------------------------------------------------

==============================================================================


      Code (inc. data)   RO Data    RW Data    ZI Data      Debug   

     16660        944        320        260       4916     272263   Grand Totals
     16660        944        320        260       4916     272263   ELF Image Totals
     16660        944        320        260          0          0   ROM Totals

==============================================================================

    Total RO  Size (Code + RO Data)                16980 (  16.58kB)
    Total RW  Size (RW Data + ZI Data)              5176 (   5.05kB)
    Total ROM Size (Code + RO Data + RW Data)      17240 (  16.84kB)

==============================================================================

